******************************************************************************
                  TI ARM Linker PC v20.2.2                     
******************************************************************************
>> Linked Wed Jun  9 23:31:46 2021

OUTPUT FILE NAME:   <lab4.out>
ENTRY POINT SYMBOL: "_c_int00_noargs"  address: 200101fd


MEMORY CONFIGURATION

         name            origin    length      used     unused   attr    fill
----------------------  --------  ---------  --------  --------  ----  --------
  SRAM_CODE             20004000   00013000  0000dc6a  00005396  RW X
  SRAM_DATA             20017000   00019000  0000972f  0000f8d1  RW X


SEGMENT ALLOCATION MAP

run origin  load origin   length   init length attrs members
----------  ----------- ---------- ----------- ----- -------
20004000    20004000    0000dc70   0000dc70    r-x
  20004000    20004000    00000400   00000400    r-- .intvecs
  20004400    20004400    0000c9ce   0000c9ce    r-x .text
  20010dd0    20010dd0    00000d6c   00000d6c    r-- .const
  20011b40    20011b40    00000130   00000130    r-- .cinit
20017000    20017000    00008730   00000000    rw-
  20017000    20017000    00008000   00000000    rw- .sysmem
  2001f000    2001f000    00000407   00000000    rw- .bss
  2001f408    2001f408    00000328   00000000    rw- .data
2002f000    2002f000    00001000   00000000    rw-
  2002f000    2002f000    00001000   00000000    rw- .stack


SECTION ALLOCATION MAP

 output                                  attributes/
section   page    origin      length       input sections
--------  ----  ----------  ----------   ----------------
.intvecs   0    20004000    00000400     
                  20004000    00000400     startup_ccs.obj (.intvecs)

.init_array 
*          0    20004000    00000000     UNINITIALIZED

.text      0    20004400    0000c9ce     
                  20004400    00001bf4     main.obj (.text)
                  20005ff4    0000189a     test.obj (.text)
                  2000788e    00000002     driverlib.a : interrupt.obj (.text:IntDefaultHandler)
                  20007890    00000a80     Adafruit_GFX.obj (.text)
                  20008310    00000a4e     rtsv7M4_T_le_v4SPD16_eabi.lib : _printfi.c.obj (.text:__TI_printfi)
                  20008d5e    00000002                                   : _lock.c.obj (.text:_nop)
                  20008d60    00000590     simplelink.a : driver.obj (.text:_SlDrvMsgRead)
                  200092f0    0000047a     Adafruit_OLED.obj (.text)
                  2000976a    00000002     rtsv7M4_T_le_v4SPD16_eabi.lib : div0.asm.obj (.text)
                  2000976c    000002b4     i2c_if.obj (.text)
                  20009a20    00000280     simplelink.a : wlan.obj (.text:sl_WlanConnect)
                  20009ca0    0000027c     uart_if.obj (.text)
                  20009f1c    00000270     rtsv7M4_T_le_v4SPD16_eabi.lib : _printfi.c.obj (.text:_pconv_a)
                  2000a18c    00000248     simplelink.a : driver.obj (.text:_SlDrvRxHdrRead)
                  2000a3d4    000001e4                  : driver.obj (.text:_SlDrvDataReadOp)
                  2000a5b8    000001d0                  : driver.obj (.text:_SlDrvReleasePoolObj)
                  2000a788    000001d0     rtsv7M4_T_le_v4SPD16_eabi.lib : _printfi.c.obj (.text:_pconv_g)
                  2000a958    000001b6                                   : fd_add_t2.asm.obj (.text)
                  2000ab0e    00000002     --HOLE-- [fill = 0]
                  2000ab10    000001b4     simplelink.a : driver.obj (.text:_SlDrvDriverCBInit)
                  2000acc4    0000019c                  : driver.obj (.text:_SlDrvMsgWrite)
                  2000ae60    00000190                  : driver.obj (.text:_SlDrvWaitForPoolObj)
                  2000aff0    0000018c                  : socket.obj (.text:sl_Connect)
                  2000b17c    00000178     driverlib.a : prcm.obj (.text:PRCMCC3200MCUInit)
                  2000b2f4    00000170     simplelink.a : driver.obj (.text:_SlFindAndSetActiveObj)
                  2000b464    00000150                  : driver.obj (.text:_SlDrvDataWriteOp)
                  2000b5b4    00000148                  : cc_pal.obj (.text:spi_Open)
                  2000b6fc    00000144                  : driver.obj (.text:_SlDrvMsgReadCmdCtx)
                  2000b840    00000144                  : netapp.obj (.text:sl_NetAppDnsGetHostByName)
                  2000b984    0000013c     rtsv7M4_T_le_v4SPD16_eabi.lib : _printfi.c.obj (.text:_pconv_e)
                  2000bac0    0000013c     pin_mux_config.obj (.text)
                  2000bbfc    00000136     rtsv7M4_T_le_v4SPD16_eabi.lib : fd_div_t2.asm.obj (.text)
                  2000bd32    00000002     --HOLE-- [fill = 0]
                  2000bd34    00000134     simplelink.a : socket.obj (.text:sl_Send)
                  2000be68    00000130                  : driver.obj (.text:_SlDrvDriverCBDeinit)
                  2000bf98    00000130     rtsv7M4_T_le_v4SPD16_eabi.lib : strtol.c.obj (.text:strtol)
                  2000c0c8    00000124                                   : _printfi.c.obj (.text:fcvt)
                  2000c1ec    00000114                                   : fputs.c.obj (.text:fputs)
                  2000c300    00000110                                   : s_scalbn.c.obj (.text:scalbn)
                  2000c410    00000110                                   : strtoul.c.obj (.text:strtoul)
                  2000c520    00000104     simplelink.a : netapp.obj (.text:_SlDrvNetAppEventHandler)
                  2000c624    00000100     rtsv7M4_T_le_v4SPD16_eabi.lib : memory.c.obj (.text:aligned_alloc)
                  2000c724    000000fc                                   : fd_mul_t2.asm.obj (.text)
                  2000c820    000000f0     simplelink.a : device.obj (.text:sl_Stop)
                  2000c910    000000f0                  : cc_pal.obj (.text:spi_Read)
                  2000ca00    000000f0     driverlib.a : udma.obj (.text:uDMAChannelTransferSet)
                  2000caf0    000000ec     simplelink.a : device.obj (.text:sl_Start)
                  2000cbdc    000000e8                  : driver.obj (.text:_SlAsyncEventGenericHandler)
                  2000ccc4    000000e8                  : driver.obj (.text:_SlDrvMsgReadSpawnCtx)
                  2000cdac    000000e4     rtsv7M4_T_le_v4SPD16_eabi.lib : memory.c.obj (.text:free)
                  2000ce90    000000e4                                   : memory.c.obj (.text:realloc)
                  2000cf74    000000e4     simplelink.a : netapp.obj (.text:sl_NetAppMDNSRegisterUnregisterService)
                  2000d058    000000dc                  : driver.obj (.text:_SlDrvClassifyRxMsg)
                  2000d134    000000dc     rtsv7M4_T_le_v4SPD16_eabi.lib : setvbuf.c.obj (.text:setvbuf)
                  2000d210    000000cc     simplelink.a : netapp.obj (.text:_sl_HandleAsync_DnsGetHostByService)
                  2000d2dc    000000cc                  : device.obj (.text:sl_DevGet)
                  2000d3a8    000000c4                  : driver.obj (.text:_SlRemoveFromList)
                  2000d46c    000000c0                  : driver.obj (.text:_SlDrvCmdOp)
                  2000d52c    000000b1     rtsv7M4_T_le_v4SPD16_eabi.lib : _printfi.c.obj (.text:_ltostr)
                  2000d5dd    00000003     --HOLE-- [fill = 0]
                  2000d5e0    000000b0     simplelink.a : nonos.obj (.text:_SlNonOsSemGet)
                  2000d690    000000a8     driverlib.a : interrupt.obj (.text:IntDisable)
                  2000d738    000000a8                 : interrupt.obj (.text:IntEnable)
                  2000d7e0    000000a4     simplelink.a : driver.obj (.text:_SlDriverHandleError)
                  2000d884    000000a0     driverlib.a : spi.obj (.text:SPIConfigSetExpClk)
                  2000d924    000000a0     simplelink.a : socket.obj (.text:sl_Recv)
                  2000d9c4    0000009c     rtsv7M4_T_le_v4SPD16_eabi.lib : memcpy_t2.asm.obj (.text)
                  2000da60    0000009a     simplelink.a : device.obj (.text:_SlDrvDeviceEventHandler)
                  2000dafa    00000002     --HOLE-- [fill = 0]
                  2000dafc    00000098                  : device.obj (.text:sl_DevSet)
                  2000db94    00000098                  : netcfg.obj (.text:sl_NetCfgSet)
                  2000dc2c    00000098                  : socket.obj (.text:sl_SetSockOpt)
                  2000dcc4    00000098                  : wlan.obj (.text:sl_WlanSet)
                  2000dd5c    00000098                  : cc_pal.obj (.text:spi_Write)
                  2000ddf4    00000096     rtsv7M4_T_le_v4SPD16_eabi.lib : ull_div_t2.asm.obj (.text)
                  2000de8a    00000002     --HOLE-- [fill = 0]
                  2000de8c    00000094     driverlib.a : prcm.obj (.text:PRCMPeripheralClockGet)
                  2000df20    00000090     simplelink.a : netapp.obj (.text:_sl_HandleAsync_DnsGetHostByName)
                  2000dfb0    00000090                  : netapp.obj (.text:_sl_HandleAsync_PingResponse)
                  2000e040    00000090                  : wlan.obj (.text:sl_WlanPolicySet)
                  2000e0d0    0000008c                  : cc_pal.obj (.text:SetupDMAReceive)
                  2000e15c    0000008c                  : cc_pal.obj (.text:SetupDMASend)
                  2000e1e8    0000008c                  : driver.obj (.text:_SlDrvIsTimeoutExpired)
                  2000e274    0000008c                  : device.obj (.text:_sl_HandleAsync_InitComplete)
                  2000e300    0000008c     rtsv7M4_T_le_v4SPD16_eabi.lib : fputc.c.obj (.text:fputc)
                  2000e38c    0000008c     simplelink.a : socket.obj (.text:sl_Socket)
                  2000e418    00000088     driverlib.a : pin.obj (.text:PinConfigSet)
                  2000e4a0    00000086     rtsv7M4_T_le_v4SPD16_eabi.lib : fd_cmp_t2.asm.obj (.text:__aeabi_cdcmple)
                  2000e526    00000086                                   : fd_cmp_t2.asm.obj (.text:__aeabi_cdrcmple)
                  2000e5ac    00000084     driverlib.a : i2c.obj (.text:I2CMasterInitExpClk)
                  2000e630    00000084     simplelink.a : wlan.obj (.text:sl_WlanRxFilterSet)
                  2000e6b4    00000080                  : socket.obj (.text:_sl_HandleAsync_Connect)
                  2000e734    00000080                  : cc_pal.obj (.text:spi_Read_CPU)
                  2000e7b4    00000080                  : cc_pal.obj (.text:spi_Write_CPU)
                  2000e834    0000007a     rtsv7M4_T_le_v4SPD16_eabi.lib : memset_t2.asm.obj (.text)
                  2000e8ae    00000002     --HOLE-- [fill = 0]
                  2000e8b0    00000078     simplelink.a : cc_pal.obj (.text:spi_Close)
                  2000e928    00000076     driverlib.a : uart.obj (.text:UARTConfigSetExpClk)
                  2000e99e    00000002     --HOLE-- [fill = 0]
                  2000e9a0    00000074     simplelink.a : nonos.obj (.text:_SlNonOsMainLoopTask)
                  2000ea14    00000074     rtsv7M4_T_le_v4SPD16_eabi.lib : fclose.c.obj (.text:__TI_closefile)
                  2000ea88    00000070                                   : memory.c.obj (.text:split)
                  2000eaf8    0000006e                                   : _printfi.c.obj (.text:_mcpy)
                  2000eb66    00000002     --HOLE-- [fill = 0]
                  2000eb68    0000006c                                   : hostrename.c.obj (.text:HOSTrename)
                  2000ebd4    0000006c     simplelink.a : driver.obj (.text:_SlDrvCmdSend)
                  2000ec40    0000006c                  : netapp.obj (.text:_sl_NetAppSendTokenValue)
                  2000ecac    00000068     rtsv7M4_T_le_v4SPD16_eabi.lib : hostlseek.c.obj (.text:HOSTlseek)
                  2000ed14    00000068                                   : copy_decompress_lzss.c.obj (.text:decompress:lzss:__TI_decompress_lzss)
                  2000ed7c    00000068                                   : printf.c.obj (.text:printf)
                  2000ede4    00000064     simplelink.a : nonos.obj (.text:_SlNonOsSpawn)
                  2000ee48    00000064                  : socket.obj (.text:_sl_HandleAsync_Accept)
                  2000eeac    00000064     rtsv7M4_T_le_v4SPD16_eabi.lib : s_frexp.c.obj (.text:frexp)
                  2000ef10    00000064                                   : fseek.c.obj (.text:fseek)
                  2000ef74    00000064     simplelink.a : netapp.obj (.text:sl_NetAppMDNSUnRegisterService)
                  2000efd8    00000064     driverlib.a : udma.obj (.text:uDMAChannelAttributeDisable)
                  2000f03c    00000064                 : udma.obj (.text:uDMAChannelAttributeEnable)
                  2000f0a0    00000062     rtsv7M4_T_le_v4SPD16_eabi.lib : _io_perm.c.obj (.text:__TI_wrt_ok)
                  2000f102    00000002     --HOLE-- [fill = 0]
                  2000f104    00000060                                   : hostopen.c.obj (.text:HOSTopen)
                  2000f164    00000060     simplelink.a : socket.obj (.text:sl_Close)
                  2000f1c4    00000060                  : wlan.obj (.text:sl_WlanProfileDel)
                  2000f224    00000060                  : wlan.obj (.text:sl_WlanSetMode)
                  2000f284    0000005c     rtsv7M4_T_le_v4SPD16_eabi.lib : close.c.obj (.text:close)
                  2000f2e0    00000058                                   : hostread.c.obj (.text:HOSTread)
                  2000f338    00000058                                   : hostwrite.c.obj (.text:HOSTwrite)
                  2000f390    00000058     driverlib.a : interrupt.obj (.text:IntPendClear)
                  2000f3e8    00000058                 : prcm.obj (.text:PRCMPeripheralReset)
                  2000f440    00000056     rtsv7M4_T_le_v4SPD16_eabi.lib : _printfi.c.obj (.text:_pconv_f)
                  2000f496    00000002     --HOLE-- [fill = 0]
                  2000f498    00000054     driverlib.a : interrupt.obj (.text:IntPrioritySet)
                  2000f4ec    00000054     simplelink.a : driver.obj (.text:_SlDrvRxIrqHandler)
                  2000f540    00000054     rtsv7M4_T_le_v4SPD16_eabi.lib : _ltoa.c.obj (.text:__TI_ltoa)
                  2000f594    00000054     simplelink.a : socket.obj (.text:_sl_HandleAsync_Select)
                  2000f5e8    00000052     rtsv7M4_T_le_v4SPD16_eabi.lib : _printfi.c.obj (.text:_ecpy)
                  2000f63a    00000002     --HOLE-- [fill = 0]
                  2000f63c    00000050     simplelink.a : device.obj (.text:_sl_HandleAsync_Stop)
                  2000f68c    0000004c     driverlib.a : spi.obj (.text:SPIIntEnable)
                  2000f6d8    0000004c                 : spi.obj (.text:SPIIntNumberGet)
                  2000f724    0000004c     simplelink.a : driver.obj (.text:_SlDrvProtectAsyncRespSetting)
                  2000f770    0000004c     rtsv7M4_T_le_v4SPD16_eabi.lib : fflush.c.obj (.text:__TI_doflush)
                  2000f7bc    0000004c     simplelink.a : socket.obj (.text:_sl_BuildAddress)
                  2000f808    0000004c     rtsv7M4_T_le_v4SPD16_eabi.lib : atoi.c.obj (.text:atoi)
                  2000f854    0000004c     driverlib.a : udma.obj (.text:uDMAChannelAssign)
                  2000f8a0    00000048     rtsv7M4_T_le_v4SPD16_eabi.lib : hosttime.c.obj (.text:HOSTtime)
                  2000f8e8    00000048     driverlib.a : spi.obj (.text:SPIIntClear)
                  2000f930    00000048     simplelink.a : driver.obj (.text:_SlDrvBasicCmd)
                  2000f978    00000048     rtsv7M4_T_le_v4SPD16_eabi.lib : exit.c.obj (.text:exit)
                  2000f9c0    00000048                                   : fd_toi_t2.asm.obj (.text)
                  2000fa08    00000044                                   : hostclose.c.obj (.text:HOSTclose)
                  2000fa4c    00000044                                   : hostunlink.c.obj (.text:HOSTunlink)
                  2000fa90    00000044     driverlib.a : spi.obj (.text:SPIDmaMaskGet)
                  2000fad4    00000044                 : timer.obj (.text:TimerConfigure)
                  2000fb18    00000044     simplelink.a : driver.obj (.text:_SlDrvHandleHttpServerEvents)
                  2000fb5c    00000044                  : driver.obj (.text:_SlDrvSyncObjWaitTimeout)
                  2000fba0    00000044     rtsv7M4_T_le_v4SPD16_eabi.lib : autoinit.c.obj (.text:__TI_auto_init_nobinit_nopinit:__TI_auto_init_nobinit_nopinit)
                  2000fbe4    00000044     simplelink.a : cc_pal.obj (.text:cc_SetupTransfer)
                  2000fc28    00000044     rtsv7M4_T_le_v4SPD16_eabi.lib : getdevice.c.obj (.text:getdevice)
                  2000fc6c    00000042     simplelink.a : socket.obj (.text:sl_Htonl)
                  2000fcae    00000002     --HOLE-- [fill = 0]
                  2000fcb0    00000040     driverlib.a : pin.obj (.text:PinModeSet)
                  2000fcf0    00000040     simplelink.a : driver.obj (.text:_SlDrvHandleNetAppEvents)
                  2000fd30    00000040                  : driver.obj (.text:_SlDrvHandleWlanEvents)
                  2000fd70    00000040                  : socket.obj (.text:_sl_TruncatePayloadByProtocol)
                  2000fdb0    00000040     rtsv7M4_T_le_v4SPD16_eabi.lib : sprintf.c.obj (.text:sprintf)
                  2000fdf0    00000040                                   : strtok.c.obj (.text:strtok)
                  2000fe30    00000040                                   : vsnprintf.c.obj (.text:vsnprintf)
                  2000fe70    0000003e     simplelink.a : cc_pal.obj (.text:NwpRegisterInterruptHandler)
                  2000feae    0000003e     rtsv7M4_T_le_v4SPD16_eabi.lib : _printfi.c.obj (.text:_fcpy)
                  2000feec    0000003c     simplelink.a : netapp.obj (.text:CopyPingResultsToReport)
                  2000ff28    0000003c     driverlib.a : prcm.obj (.text:PRCMPeripheralClkEnable)
                  2000ff64    0000003c     simplelink.a : cc_pal.obj (.text:simplelink_timerA2_start)
                  2000ffa0    0000003c                  : socket.obj (.text:sl_Htons)
                  2000ffdc    0000003c     driverlib.a : udma.obj (.text:uDMAChannelControlSet)
                  20010018    00000038     simplelink.a : cc_pal.obj (.text:NwpPowerOff)
                  20010050    00000038     rtsv7M4_T_le_v4SPD16_eabi.lib : trgmsg.c.obj (.text:__TI_writemsg)
                  20010088    00000038     simplelink.a : wlan.obj (.text:sl_WlanDisconnect)
                  200100c0    00000036     driverlib.a : gpio.obj (.text:GPIODirModeSet)
                  200100f6    00000036     rtsv7M4_T_le_v4SPD16_eabi.lib : strncpy.c.obj (.text:strncpy)
                  2001012c    00000034     driverlib.a : prcm.obj (.text:PRCMPeripheralStatusGet)
                  20010160    00000034                 : spi.obj (.text:SPIFIFOLevelSet)
                  20010194    00000034     rtsv7M4_T_le_v4SPD16_eabi.lib : fopen.c.obj (.text:__TI_cleanup)
                  200101c8    00000034                                   : trgmsg.c.obj (.text:__TI_readmsg)
                  200101fc    00000034                                   : boot_cortex_m.c.obj (.text:_c_int00_noargs:_c_int00_noargs)
                  20010230    00000034                                   : rand.c.obj (.text:rand)
                  20010264    00000030     driverlib.a : pin.obj (.text:PinTypeGPIO)
                  20010294    00000030                 : uart.obj (.text:UARTDisable)
                  200102c4    00000030     rtsv7M4_T_le_v4SPD16_eabi.lib : vsnprintf.c.obj (.text:_outs)
                  200102f4    00000030                                   : getdevice.c.obj (.text:finddevice)
                  20010324    0000002e                                   : i_tofd_t2.asm.obj (.text)
                  20010352    0000002c     driverlib.a : i2c.obj (.text:I2CMasterErr)
                  2001037e    00000002     --HOLE-- [fill = 0]
                  20010380    0000002c     simplelink.a : cc_pal.obj (.text:NwpPowerOn)
                  200103ac    0000002c     driverlib.a : prcm.obj (.text:PRCMSysResetCauseGet)
                  200103d8    0000002c     simplelink.a : driver.obj (.text:_SlDrvObjGlobalLockWaitForever)
                  20010404    0000002c                  : driver.obj (.text:_SlDrvProtectionObjLockWaitForever)
                  20010430    0000002c     rtsv7M4_T_le_v4SPD16_eabi.lib : unlink.c.obj (.text:unlink)
                  2001045c    0000002a     driverlib.a : timer.obj (.text:TimerLoadSet)
                  20010486    0000002a                 : timer.obj (.text:TimerPrescaleSet)
                  200104b0    0000002a     rtsv7M4_T_le_v4SPD16_eabi.lib : strspn.c.obj (.text:strspn)
                  200104da    00000002     --HOLE-- [fill = 0]
                  200104dc    00000028     driverlib.a : prcm.obj (.text:PRCMPeripheralClkDisable)
                  20010504    00000028     simplelink.a : driver.obj (.text:_SlDrvGlobalObjUnLock)
                  2001052c    00000028                  : driver.obj (.text:_SlDrvProtectionObjUnLock)
                  20010554    00000028                  : driver.obj (.text:_SlDrvSyncObjWaitForever)
                  2001057c    00000028     rtsv7M4_T_le_v4SPD16_eabi.lib : memory.c.obj (.text:free_list_insert)
                  200105a4    00000028                                   : lseek.c.obj (.text:lseek)
                  200105cc    00000028                                   : memmov.c.obj (.text:memmove)
                  200105f4    00000028                                   : write.c.obj (.text:write)
                  2001061c    00000026     simplelink.a : driver.obj (.text:_SlDrvObjLockWaitForever)
                  20010642    00000026     network_common.obj (.text)
                  20010668    00000024     simplelink.a : cc_pal.obj (.text:DmaSpiSwIntHandler)
                  2001068c    00000024     driverlib.a : interrupt.obj (.text:IntUnregister)
                  200106b0    00000024                 : uart.obj (.text:UARTEnable)
                  200106d4    00000024     rtsv7M4_T_le_v4SPD16_eabi.lib : rand.c.obj (.text:srand)
                  200106f8    00000024                                   : strcspn.c.obj (.text:strcspn)
                  2001071c    00000022     driverlib.a : i2c.obj (.text:I2CMasterSlaveAddrSet)
                  2001073e    00000022                 : spi.obj (.text:SPIReset)
                  20010760    00000022                 : spi.obj (.text:SPIWordCountSet)
                  20010782    00000020                 : gpio.obj (.text:GPIOPinWrite)
                  200107a2    00000002     --HOLE-- [fill = 0]
                  200107a4    00000020                 : interrupt.obj (.text:IntRegister)
                  200107c4    00000020     simplelink.a : cc_pal.obj (.text:NwpPrePowerOffTimout0)
                  200107e4    00000020     driverlib.a : spi.obj (.text:SPIDataGet)
                  20010804    00000020     simplelink.a : cc_pal.obj (.text:TimerGetCurrentTimestamp)
                  20010824    00000020                  : driver.obj (.text:_SlDrvObjUnLock)
                  20010844    00000020                  : driver.obj (.text:_SlDrvSyncObjSignal)
                  20010864    00000020     rtsv7M4_T_le_v4SPD16_eabi.lib : memchr.c.obj (.text:memchr)
                  20010884    0000001e     driverlib.a : i2c.obj (.text:I2CMasterIntStatusEx)
                  200108a2    0000001e                 : spi.obj (.text:SPIDataPut)
                  200108c0    0000001e                 : timer.obj (.text:TimerEnable)
                  200108de    0000001e                 : uart.obj (.text:UARTCharPut)
                  200108fc    0000001e     simplelink.a : cc_pal.obj (.text:cc_UDMAChannelSelect)
                  2001091a    0000001e     rtsv7M4_T_le_v4SPD16_eabi.lib : strcat.c.obj (.text:strcat)
                  20010938    0000001c     driverlib.a : pin.obj (.text:PinTypeI2C)
                  20010954    0000001c                 : timer.obj (.text:TimerValueGet)
                  20010970    0000001c                 : uart.obj (.text:UARTCharGetNonBlocking)
                  2001098c    0000001c     simplelink.a : driver.obj (.text:_SlDrvStartMeasureTimeout)
                  200109a8    0000001c     rtsv7M4_T_le_v4SPD16_eabi.lib : memory.c.obj (.text:free_list_remove)
                  200109c4    0000001c                                   : memccpy.c.obj (.text:memccpy)
                  200109e0    0000001c     driverlib.a : udma.obj (.text:uDMAChannelEnable)
                  200109fc    0000001a                 : pin.obj (.text:PinTypeSPI)
                  20010a16    0000001a                 : pin.obj (.text:PinTypeUART)
                  20010a30    0000001a                 : spi.obj (.text:SPIDmaDisable)
                  20010a4a    0000001a                 : spi.obj (.text:SPIDmaEnable)
                  20010a64    0000001a                 : spi.obj (.text:SPIFIFODisable)
                  20010a7e    0000001a                 : spi.obj (.text:SPIFIFOEnable)
                  20010a98    0000001a                 : spi.obj (.text:SPIIntUnregister)
                  20010ab2    0000001a     rtsv7M4_T_le_v4SPD16_eabi.lib : s_copysign.c.obj (.text:copysign)
                  20010acc    00000018     driverlib.a : gpio.obj (.text:GPIOPinRead)
                  20010ae4    00000018                 : i2c.obj (.text:I2CMasterIntEnableEx)
                  20010afc    00000018                 : spi.obj (.text:SPICSDisable)
                  20010b14    00000018                 : spi.obj (.text:SPICSEnable)
                  20010b2c    00000018                 : spi.obj (.text:SPIDisable)
                  20010b44    00000018                 : spi.obj (.text:SPIEnable)
                  20010b5c    00000018                 : uart.obj (.text:UARTCharsAvail)
                  20010b74    00000018     simplelink.a : nonos.obj (.text:_SlNonOsSemSet)
                  20010b8c    00000018     rtsv7M4_T_le_v4SPD16_eabi.lib : vsnprintf.c.obj (.text:_outc)
                  20010ba4    00000018                                   : sprintf.c.obj (.text:_outs)
                  20010bbc    00000018     simplelink.a : device.obj (.text:_sl_GetStartResponseConvert)
                  20010bd4    00000018     rtsv7M4_T_le_v4SPD16_eabi.lib : strcmp.c.obj (.text:strcmp)
                  20010bec    00000016     driverlib.a : i2c.obj (.text:I2CMasterDataPut)
                  20010c02    00000016                 : i2c.obj (.text:I2CMasterEnable)
                  20010c18    00000016                 : prcm.obj (.text:PRCMHIBRegRead)
                  20010c2e    00000016                 : prcm.obj (.text:PRCMHIBRegWrite)
                  20010c44    00000016     simplelink.a : driver.obj (.text:_SlDrvMemZero)
                  20010c5a    00000016     rtsv7M4_T_le_v4SPD16_eabi.lib : strchr.c.obj (.text:strchr)
                  20010c70    00000014     driverlib.a : cpu.obj (.text:CPUcpsie)
                  20010c84    00000014                 : interrupt.obj (.text:IntVTableBaseSet)
                  20010c98    00000014     rtsv7M4_T_le_v4SPD16_eabi.lib : strcpy.c.obj (.text:strcpy)
                  20010cac    00000014                                   : strlen.c.obj (.text:strlen)
                  20010cc0    00000012     driverlib.a : i2c.obj (.text:I2CMasterControl)
                  20010cd2    00000012                 : i2c.obj (.text:I2CMasterIntClearEx)
                  20010ce4    00000012                 : i2c.obj (.text:I2CMasterTimeoutSet)
                  20010cf6    00000012     rtsv7M4_T_le_v4SPD16_eabi.lib : wcslen.c.obj (.text:wcslen)
                  20010d08    00000010     simplelink.a : driver.obj (.text:_SlDrvDispatchHttpServerEvents)
                  20010d18    00000010     rtsv7M4_T_le_v4SPD16_eabi.lib : isdigit.c.obj (.text:isdigit)
                  20010d28    0000000e     driverlib.a : i2c.obj (.text:I2CMasterDataGet)
                  20010d36    0000000e     simplelink.a : driver.obj (.text:_SlDrvResetCmdExt)
                  20010d44    0000000e     rtsv7M4_T_le_v4SPD16_eabi.lib : time.c.obj (.text:__time32)
                  20010d52    0000000e                                   : copy_decompress_none.c.obj (.text:decompress:none:__TI_decompress_none)
                  20010d60    0000000e     startup_ccs.obj (.text)
                  20010d6e    00000002     --HOLE-- [fill = 0]
                  20010d70    0000000c     simplelink.a : cc_pal.obj (.text:NwpMaskInterrupt)
                  20010d7c    0000000c                  : cc_pal.obj (.text:NwpUnMaskInterrupt)
                  20010d88    0000000c     rtsv7M4_T_le_v4SPD16_eabi.lib : copy_zero_init.c.obj (.text:decompress:ZI:__TI_zero_init)
                  20010d94    0000000a     driverlib.a : interrupt.obj (.text:IntMasterEnable)
                  20010d9e    0000000a     rtsv7M4_T_le_v4SPD16_eabi.lib : sprintf.c.obj (.text:_outc)
                  20010da8    00000008                                   : errno.c.obj (.text:__aeabi_errno_addr)
                  20010db0    00000008                                   : memory.c.obj (.text:malloc)
                  20010db8    00000006     driverlib.a : utils.obj (.text:UtilsDelay)
                  20010dbe    00000004     rtsv7M4_T_le_v4SPD16_eabi.lib : printf.c.obj (.text:_outc)
                  20010dc2    00000004                                   : printf.c.obj (.text:_outs)
                  20010dc6    00000004                                   : pre_init.c.obj (.text:_system_pre_init)
                  20010dca    00000004                                   : exit.c.obj (.text:abort:abort)

.const     0    20010dd0    00000d6c     
                  20010dd0    000004fb     Adafruit_GFX.obj (.const:.string:font)
                  200112cb    00000200     main.obj (.const:.string:$P$T8$9)
                  200114cb    00000101     rtsv7M4_T_le_v4SPD16_eabi.lib : ctype.c.obj (.const:.string:_ctypes_)
                  200115cc    00000100     driverlib.a : pin.obj (.const:g_ulPinToPadMap)
                  200116cc    000000d4                 : interrupt.obj (.const:g_pulRegs)
                  200117a0    000000a8                 : prcm.obj (.const:PRCM_PeriphRegsList)
                  20011848    0000003c     simplelink.a : driver.obj (.const:OpcodeTranslateTable)
                  20011884    00000038                  : driver.obj (.const:_SlActionLookupTable)
                  200118bc    00000030     main.obj (.const:.string)
                  200118ec    0000002c     main.obj (.const:$P$T1$2)
                  20011918    00000024     driverlib.a : spi.obj (.const:g_ppulSPIIntMap)
                  2001193c    00000022     main.obj (.const:.string:$P$T0$1)
                  2001195e    00000002     --HOLE-- [fill = 0]
                  20011960    00000020     simplelink.a : driver.obj (.const:RxMsgClassLUT)
                  20011980    00000018     driverlib.a : interrupt.obj (.const:g_pulDisRegs)
                  20011998    00000018                 : interrupt.obj (.const:g_pulEnRegs)
                  200119b0    00000018                 : interrupt.obj (.const:g_pulUnpendRegs)
                  200119c8    00000018                 : spi.obj (.const:g_ulSPIDmaMaskMap)
                  200119e0    00000015     main.obj (.const:.string:$P$T6$7)
                  200119f5    00000003     --HOLE-- [fill = 0]
                  200119f8    00000014     simplelink.a : driver.obj (.const:$P$T0$1)
                  20011a0c    00000014                  : nonos.obj (.const:$P$T0$1)
                  20011a20    00000014     main.obj (.const:$P$T2$3)
                  20011a34    00000013     test.obj (.const:.string:$P$T6$7)
                  20011a47    00000010     test.obj (.const:.string:$P$T2$3)
                  20011a57    00000010     simplelink.a : socket.obj (.const:.string:_SlPayloadByProtocolLUT)
                  20011a67    00000001     --HOLE-- [fill = 0]
                  20011a68    0000000c     main.obj (.const:$P$T4$5)
                  20011a74    0000000c     main.obj (.const:.string:$P$T3$4)
                  20011a80    0000000b     test.obj (.const:.string:$P$T3$4)
                  20011a8b    0000000b     test.obj (.const:.string:$P$T5$6)
                  20011a96    0000000b     test.obj (.const:.string:$P$T7$8)
                  20011aa1    0000000a     test.obj (.const:.string:$P$T0$1)
                  20011aab    00000009     test.obj (.const:.string:$P$T4$5)
                  20011ab4    00000009     main.obj (.const:.string:$P$T5$6)
                  20011abd    00000008     simplelink.a : device.obj (.const:StartResponseLUT)
                  20011ac5    00000003     --HOLE-- [fill = 0]
                  20011ac8    00000008                  : driver.obj (.const:g_H2NCnysPattern)
                  20011ad0    00000008                  : driver.obj (.const:g_H2NSyncPattern)
                  20011ad8    00000006     main.obj (.const:.string:$P$T9$10)
                  20011ade    00000005     test.obj (.const:.string:$P$T1$2)
                  20011ae3    00000005     main.obj (.const:.string:$P$T7$8)
                  20011ae8    00000004     simplelink.a : wlan.obj (.const:$P$T0$1)
                  20011aec    00000004                  : socket.obj (.const:$P$T2$3)
                  20011af0    00000004                  : device.obj (.const:_SlDeviceGetCmdCtrl)
                  20011af4    00000004                  : device.obj (.const:_SlDeviceSetCmdCtrl)
                  20011af8    00000004                  : netapp.obj (.const:_SlGetHostByNameCtrl)
                  20011afc    00000004                  : netapp.obj (.const:_SlNetAppSendTokenValueCmdCtrl)
                  20011b00    00000004                  : netcfg.obj (.const:_SlNetCfgSetCmdCtrl)
                  20011b04    00000004                  : wlan.obj (.const:_SlPolicySetCmdCtrl)
                  20011b08    00000004                  : wlan.obj (.const:_SlProfileDelCmdCtrl)
                  20011b0c    00000004                  : socket.obj (.const:_SlRecvCmdCtrl)
                  20011b10    00000004                  : netapp.obj (.const:_SlRegisterServiceCtrl)
                  20011b14    00000004                  : wlan.obj (.const:_SlRxFilterSetCmdCtrl)
                  20011b18    00000004                  : socket.obj (.const:_SlSendCmdCtrl)
                  20011b1c    00000004                  : socket.obj (.const:_SlSetSockOptCmdCtrl)
                  20011b20    00000004                  : socket.obj (.const:_SlSockCloseCmdCtrl)
                  20011b24    00000004                  : socket.obj (.const:_SlSockSocketCmdCtrl)
                  20011b28    00000004                  : device.obj (.const:_SlStopCmdCtrl)
                  20011b2c    00000004                  : wlan.obj (.const:_SlWlanCfgSetCmdCtrl)
                  20011b30    00000004                  : wlan.obj (.const:_SlWlanSetModeCmdCtrl)
                  20011b34    00000004                  : driver.obj (.const:httpServer_callbacks)
                  20011b38    00000004                  : driver.obj (.const:netApp_callbacks)

.cinit     0    20011b40    00000130     
                  20011b40    00000106     (.cinit..data.load) [load image, compression = lzss]
                  20011c46    00000002     --HOLE-- [fill = 0]
                  20011c48    0000000c     (__TI_handler_table)
                  20011c54    00000004     --HOLE-- [fill = 0]
                  20011c58    00000008     (.cinit..bss.load) [load image, compression = zero_init]
                  20011c60    00000010     (__TI_cinit_table)

.sysmem    0    20017000    00008000     UNINITIALIZED
                  20017000    00000010     rtsv7M4_T_le_v4SPD16_eabi.lib : memory.c.obj (.sysmem)
                  20017010    00007ff0     --HOLE--

.bss       0    2001f000    00000407     UNINITIALIZED
                  2001f000    00000168     simplelink.a : driver.obj (.bss:g_StatMem)
                  2001f168    00000120     rtsv7M4_T_le_v4SPD16_eabi.lib : trgmsg.c.obj (.bss:_CIOBUF_)
                  2001f288    000000a0     (.common:__TI_tmpnams)
                  2001f328    00000050     (.common:g_ucDinDout)
                  2001f378    0000002c     (.common:g_time)
                  2001f3a4    00000024     (.common:g_ucConnectionSSID)
                  2001f3c8    00000014     test.obj (.bss:new_scores$10)
                  2001f3dc    00000014     test.obj (.bss:scores_int$9)
                  2001f3f0    00000008     (.common:g_ucConnectionBSSID)
                  2001f3f8    00000008     (.common:parmbuf)
                  2001f400    00000004     uart_if.obj (.bss)
                  2001f404    00000001     (.common:RxIrqCnt)
                  2001f405    00000001     (.common:g_bDeviceRestartIsRequired)
                  2001f406    00000001     (.common:g_cDummy)

.data      0    2001f408    00000328     UNINITIALIZED
                  2001f408    000000f0     rtsv7M4_T_le_v4SPD16_eabi.lib : defs.c.obj (.data:_ftable)
                  2001f4f8    000000b1     main.obj (.data:DATA1)
                  2001f5a9    00000003     --HOLE--
                  2001f5ac    00000078     rtsv7M4_T_le_v4SPD16_eabi.lib : host_device.c.obj (.data:_device)
                  2001f624    00000050                                   : host_device.c.obj (.data:_stream)
                  2001f674    0000003c     simplelink.a : nonos.obj (.data:g__SlNonOsCB)
                  2001f6b0    00000015     Adafruit_GFX.obj (.data)
                  2001f6c5    00000003     --HOLE--
                  2001f6c8    00000010     main.obj (.data)
                  2001f6d8    00000010     rtsv7M4_T_le_v4SPD16_eabi.lib : defs.c.obj (.data)
                  2001f6e8    0000000d     simplelink.a : driver.obj (.data)
                  2001f6f5    00000003     --HOLE--
                  2001f6f8    0000000c     rtsv7M4_T_le_v4SPD16_eabi.lib : exit.c.obj (.data:$O1$$)
                  2001f704    00000009     simplelink.a : cc_pal.obj (.data)
                  2001f70d    00000003     --HOLE--
                  2001f710    00000008     rtsv7M4_T_le_v4SPD16_eabi.lib : _lock.c.obj (.data:$O1$$)
                  2001f718    00000008                                   : memory.c.obj (.data:$O1$$)
                  2001f720    00000004                                   : errno.c.obj (.data)
                  2001f724    00000004                                   : rand.c.obj (.data)
                  2001f728    00000004                                   : strtok.c.obj (.data)
                  2001f72c    00000004     simplelink.a : driver.obj (.data:wlan_callbacks)

.stack     0    2002f000    00001000     UNINITIALIZED
                  2002f000    00000004     rtsv7M4_T_le_v4SPD16_eabi.lib : boot_cortex_m.c.obj (.stack)
                  2002f004    00000ffc     --HOLE--

__llvm_prf_cnts 
*          0    20017000    00000000     UNINITIALIZED

MODULE SUMMARY

       Module                       code    ro data   rw data
       ------                       ----    -------   -------
    .\
       main.obj                     7156    723       281    
       test.obj                     6298    92        40     
       Adafruit_GFX.obj             2688    1275      21     
       Adafruit_OLED.obj            1146    0         0      
       startup_ccs.obj              14      1024      0      
       i2c_if.obj                   692     0         0      
       uart_if.obj                  636     0         4      
       pin_mux_config.obj           316     0         0      
       network_common.obj           38      0         0      
    +--+----------------------------+-------+---------+---------+
       Total:                       18984   3114      346    
                                                             
    C:/ti/CC3200SDK_1.5.0/cc3200-sdk/driverlib/ccs/Release/driverlib.a
       prcm.obj                     852     168       0      
       spi.obj                      860     60        0      
       interrupt.obj                608     284       0      
       udma.obj                     604     0         0      
       pin.obj                      328     256       0      
       i2c.obj                      376     0         0      
       uart.obj                     284     0         0      
       timer.obj                    210     0         0      
       gpio.obj                     110     0         0      
       cpu.obj                      20      0         0      
       utils.obj                    6       0         0      
    +--+----------------------------+-------+---------+---------+
       Total:                       4258    768       0      
                                                             
    C:/ti/CC3200SDK_1.5.0/cc3200-sdk/simplelink/ccs/NON_OS/simplelink.a
       driver.obj                   7906    192       379    
       cc_pal.obj                   1820    0         90     
       socket.obj                   1830    40        0      
       netapp.obj                   1572    12        0      
       wlan.obj                     1316    24        0      
       device.obj                   1230    20        0      
       nonos.obj                    416     20        60     
       netcfg.obj                   152     4         0      
    +--+----------------------------+-------+---------+---------+
       Total:                       16242   312       529    
                                                             
    C:\ti\ccs1020\ccs\tools\compiler\ti-cgt-arm_20.2.2.LTS\lib\rtsv7M4_T_le_v4SPD16_eabi.lib
       _printfi.c.obj               4851    0         0      
       memory.c.obj                 900     0         8      
       fd_add_t2.asm.obj            438     0         0      
       defs.c.obj                   0       0         416    
       trgmsg.c.obj                 108     0         288    
       fd_div_t2.asm.obj            310     0         0      
       strtol.c.obj                 304     0         0      
       fputs.c.obj                  276     0         0      
       s_scalbn.c.obj               272     0         0      
       strtoul.c.obj                272     0         0      
       fd_cmp_t2.asm.obj            268     0         0      
       ctype.c.obj                  0       257       0      
       fd_mul_t2.asm.obj            252     0         0      
       setvbuf.c.obj                220     0         0      
       host_device.c.obj            0       0         200    
       memcpy_t2.asm.obj            156     0         0      
       ull_div_t2.asm.obj           150     0         0      
       fputc.c.obj                  140     0         0      
       vsnprintf.c.obj              136     0         0      
       memset_t2.asm.obj            122     0         0      
       fclose.c.obj                 116     0         0      
       getdevice.c.obj              116     0         0      
       printf.c.obj                 112     0         0      
       hostrename.c.obj             108     0         0      
       copy_decompress_lzss.c.obj   104     0         0      
       hostlseek.c.obj              104     0         0      
       hostopen.c.obj               96      0         8      
       fseek.c.obj                  100     0         0      
       s_frexp.c.obj                100     0         0      
       _io_perm.c.obj               98      0         0      
       sprintf.c.obj                98      0         0      
       close.c.obj                  92      0         0      
       rand.c.obj                   88      0         4      
       exit.c.obj                   76      0         12     
       hostread.c.obj               88      0         0      
       hostwrite.c.obj              88      0         0      
       _ltoa.c.obj                  84      0         0      
       atoi.c.obj                   76      0         0      
       fflush.c.obj                 76      0         0      
       fd_toi_t2.asm.obj            72      0         0      
       hosttime.c.obj               72      0         0      
       autoinit.c.obj               68      0         0      
       hostclose.c.obj              68      0         0      
       hostunlink.c.obj             68      0         0      
       strtok.c.obj                 64      0         4      
       strncpy.c.obj                54      0         0      
       boot_cortex_m.c.obj          52      0         0      
       fopen.c.obj                  52      0         0      
       i_tofd_t2.asm.obj            46      0         0      
       unlink.c.obj                 44      0         0      
       strspn.c.obj                 42      0         0      
       lseek.c.obj                  40      0         0      
       memmov.c.obj                 40      0         0      
       write.c.obj                  40      0         0      
       strcspn.c.obj                36      0         0      
       memchr.c.obj                 32      0         0      
       strcat.c.obj                 30      0         0      
       memccpy.c.obj                28      0         0      
       s_copysign.c.obj             26      0         0      
       strcmp.c.obj                 24      0         0      
       strchr.c.obj                 22      0         0      
       strcpy.c.obj                 20      0         0      
       strlen.c.obj                 20      0         0      
       wcslen.c.obj                 18      0         0      
       isdigit.c.obj                16      0         0      
       copy_decompress_none.c.obj   14      0         0      
       time.c.obj                   14      0         0      
       copy_zero_init.c.obj         12      0         0      
       errno.c.obj                  8       0         4      
       _lock.c.obj                  2       0         8      
       pre_init.c.obj               4       0         0      
       div0.asm.obj                 2       0         0      
    +--+----------------------------+-------+---------+---------+
       Total:                       12145   257       952    
                                                             
       Heap:                        0       0         32768  
       Stack:                       0       0         4096   
       Linker Generated:            0       298       0      
    +--+----------------------------+-------+---------+---------+
       Grand Total:                 51629   4749      38691  


LINKER GENERATED COPY TABLES

__TI_cinit_table @ 20011c60 records: 2, size/record: 8, table size: 16
	.data: load addr=20011b40, load size=00000106 bytes, run addr=2001f408, run size=00000328 bytes, compression=lzss
	.bss: load addr=20011c58, load size=00000008 bytes, run addr=2001f000, run size=00000407 bytes, compression=zero_init


LINKER GENERATED HANDLER TABLE

__TI_handler_table @ 20011c48 records: 3, size/record: 4, table size: 12
	index: 0, handler: __TI_decompress_lzss
	index: 1, handler: __TI_decompress_none
	index: 2, handler: __TI_zero_init


GLOBAL SYMBOLS: SORTED ALPHABETICALLY BY Name 

address   name                                  
-------   ----                                  
20009351  Adafruit_Init                         
20010dcb  C$$EXIT                               
2001007f  C$$IO$$                               
20010c71  CPUcpsie                              
20009ce1  ClearTerm                             
200094c7  Color565                              
2001f4f8  DATA1                                 
20010669  DmaSpiSwIntHandler                    
20009ceb  Error                                 
200100c1  GPIODirModeSet                        
20010acd  GPIOPinRead                           
20010783  GPIOPinWrite                          
200068d5  GameOverBanner                        
20009d23  GetCmd                                
2000fa09  HOSTclose                             
2000ecad  HOSTlseek                             
2000f105  HOSTopen                              
2000f2e1  HOSTread                              
2000eb69  HOSTrename                            
2000f8a1  HOSTtime                              
2000fa4d  HOSTunlink                            
2000f339  HOSTwrite                             
20010cc1  I2CMasterControl                      
20010d29  I2CMasterDataGet                      
20010bed  I2CMasterDataPut                      
20010c03  I2CMasterEnable                       
20010353  I2CMasterErr                          
2000e5ad  I2CMasterInitExpClk                   
20010cd3  I2CMasterIntClearEx                   
20010ae5  I2CMasterIntEnableEx                  
20010885  I2CMasterIntStatusEx                  
2001071d  I2CMasterSlaveAddrSet                 
20010ce5  I2CMasterTimeoutSet                   
20009a0b  I2C_IF_Close                          
200099a5  I2C_IF_Open                           
200098a3  I2C_IF_Read                           
2000995f  I2C_IF_ReadFrom                       
200097f3  I2C_IF_Write                          
20009ca1  InitTerm                              
2000d691  IntDisable                            
2000d739  IntEnable                             
20010d95  IntMasterEnable                       
2000f391  IntPendClear                          
2000f499  IntPrioritySet                        
200107a5  IntRegister                           
2001068d  IntUnregister                         
20010c85  IntVTableBaseSet                      
20009cbf  Message                               
20010d71  NwpMaskInterrupt                      
20010019  NwpPowerOff                           
20010381  NwpPowerOn                            
200107c5  NwpPrePowerOffTimout0                 
2000fe71  NwpRegisterInterruptHandler           
20010d7d  NwpUnMaskInterrupt                    
20011848  OpcodeTranslateTable                  
2000823b  Outstr                                
2000b17d  PRCMCC3200MCUInit                     
20010c19  PRCMHIBRegRead                        
20010c2f  PRCMHIBRegWrite                       
200104dd  PRCMPeripheralClkDisable              
2000ff29  PRCMPeripheralClkEnable               
2000de8d  PRCMPeripheralClockGet                
2000f3e9  PRCMPeripheralReset                   
2001012d  PRCMPeripheralStatusGet               
200103ad  PRCMSysResetCauseGet                  
20005225  ParseNProcessCmd                      
2000e419  PinConfigSet                          
2000fcb1  PinModeSet                            
2000bac1  PinMuxConfig                          
20010265  PinTypeGPIO                           
20010939  PinTypeI2C                            
200109fd  PinTypeSPI                            
20010a17  PinTypeUART                           
20005121  ProcessReadRegCommand                 
20009e61  Report                                
20010d61  ResetISR                              
2001f404  RxIrqCnt                              
20010afd  SPICSDisable                          
20010b15  SPICSEnable                           
2000d885  SPIConfigSetExpClk                    
200107e5  SPIDataGet                            
200108a3  SPIDataPut                            
20010b2d  SPIDisable                            
20010a31  SPIDmaDisable                         
20010a4b  SPIDmaEnable                          
20010b45  SPIEnable                             
20010a65  SPIFIFODisable                        
20010a7f  SPIFIFOEnable                         
20010161  SPIFIFOLevelSet                       
2000f8e9  SPIIntClear                           
2000f68d  SPIIntEnable                          
20010a99  SPIIntUnregister                      
2001073f  SPIReset                              
20010761  SPIWordCountSet                       
200045d5  SimpleLinkGeneralEventHandler         
200045b1  SimpleLinkHttpServerCallback          
2000450f  SimpleLinkNetAppEventHandler          
200045f5  SimpleLinkSockEventHandler            
20004401  SimpleLinkWlanEventHandler            
2000fad5  TimerConfigure                        
200108c1  TimerEnable                           
20010805  TimerGetCurrentTimestamp              
2001045d  TimerLoadSet                          
20010487  TimerPrescaleSet                      
20010955  TimerValueGet                         
20009dc9  TrimSpace                             
20010971  UARTCharGetNonBlocking                
200108df  UARTCharPut                           
20010b5d  UARTCharsAvail                        
2000e929  UARTConfigSetExpClk                   
20010295  UARTDisable                           
200106b1  UARTEnable                            
20010db9  UtilsDelay                            
20011884  _SlActionLookupTable                  
2000d7e1  _SlDriverHandleError                  
2000f931  _SlDrvBasicCmd                        
2000d46d  _SlDrvCmdOp                           
2000ebd5  _SlDrvCmdSend                         
2000a3d5  _SlDrvDataReadOp                      
2000b465  _SlDrvDataWriteOp                     
2000da61  _SlDrvDeviceEventHandler              
20010d09  _SlDrvDispatchHttpServerEvents        
2000be69  _SlDrvDriverCBDeinit                  
2000ab11  _SlDrvDriverCBInit                    
20010505  _SlDrvGlobalObjUnLock                 
2000fb19  _SlDrvHandleHttpServerEvents          
2000fcf1  _SlDrvHandleNetAppEvents              
2000fd31  _SlDrvHandleWlanEvents                
2000e1e9  _SlDrvIsTimeoutExpired                
20010c45  _SlDrvMemZero                         
2000ccc5  _SlDrvMsgReadSpawnCtx                 
2000c521  _SlDrvNetAppEventHandler              
2001061d  _SlDrvObjLockWaitForever              
20010825  _SlDrvObjUnLock                       
2000f725  _SlDrvProtectAsyncRespSetting         
20010405  _SlDrvProtectionObjLockWaitForever    
2001052d  _SlDrvProtectionObjUnLock             
2000a5b9  _SlDrvReleasePoolObj                  
20010d37  _SlDrvResetCmdExt                     
2000f4ed  _SlDrvRxIrqHandler                    
2001098d  _SlDrvStartMeasureTimeout             
20010845  _SlDrvSyncObjSignal                   
20010555  _SlDrvSyncObjWaitForever              
2000fb5d  _SlDrvSyncObjWaitTimeout              
2000ae61  _SlDrvWaitForPoolObj                  
20011afc  _SlNetAppSendTokenValueCmdCtrl        
2000e9a1  _SlNonOsMainLoopTask                  
2000d5e1  _SlNonOsSemGet                        
20010b75  _SlNonOsSemSet                        
2000ede5  _SlNonOsSpawn                         
2001f168  __CIOBUF_                             
20030000  __STACK_END                           
00001000  __STACK_SIZE                          
00008000  __SYSMEM_SIZE                         
20011c60  __TI_CINIT_Base                       
20011c70  __TI_CINIT_Limit                      
20011c48  __TI_Handler_Table_Base               
20011c54  __TI_Handler_Table_Limit              
2000fba1  __TI_auto_init_nobinit_nopinit        
20010195  __TI_cleanup                          
2001f6f8  __TI_cleanup_ptr                      
2000ea15  __TI_closefile                        
2000ed15  __TI_decompress_lzss                  
20010d53  __TI_decompress_none                  
2000f771  __TI_doflush                          
2001f6fc  __TI_dtors_ptr                        
2001f700  __TI_enable_exit_profile_output       
2001f6d8  __TI_ft_end                           
2000f541  __TI_ltoa                             
ffffffff  __TI_pprof_out_hndl                   
20008311  __TI_printfi                          
ffffffff  __TI_prof_data_size                   
ffffffff  __TI_prof_data_start                  
200101c9  __TI_readmsg                          
20011b40  __TI_static_base__                    
2001f288  __TI_tmpnams                          
20010051  __TI_writemsg                         
2000f0a1  __TI_wrt_ok                           
20010d89  __TI_zero_init                        
2000e4a1  __aeabi_cdcmpeq                       
2000e4a1  __aeabi_cdcmple                       
2000e527  __aeabi_cdrcmple                      
2000f9c1  __aeabi_d2iz                          
2000a963  __aeabi_dadd                          
2000bbfd  __aeabi_ddiv                          
2000c725  __aeabi_dmul                          
2000a959  __aeabi_dsub                          
20010da9  __aeabi_errno_addr                    
20010325  __aeabi_i2d                           
2000976b  __aeabi_idiv0                         
2000976b  __aeabi_ldiv0                         
2000e835  __aeabi_memclr                        
2000e835  __aeabi_memclr4                       
2000e835  __aeabi_memclr8                       
2000d9c5  __aeabi_memcpy                        
2000d9c5  __aeabi_memcpy4                       
2000d9c5  __aeabi_memcpy8                       
2000e837  __aeabi_memset                        
2000e837  __aeabi_memset4                       
2000e837  __aeabi_memset8                       
2001f6e4  __aeabi_stderr                        
2001f6dc  __aeabi_stdin                         
2001f6e0  __aeabi_stdout                        
2000ddf5  __aeabi_uldivmod                      
ffffffff  __binit__                             
ffffffff  __c_args__                            
UNDEFED   __mpu_init                            
2002f000  __stack                               
20017000  __start___llvm_prf_cnts               
20017000  __stop___llvm_prf_cnts                
20010d45  __time32                              
200101fd  _c_int00_noargs                       
200114cb  _ctypes_                              
2001f5ac  _device                               
2001f408  _ftable                               
2001f710  _lock                                 
20008d5f  _nop                                  
2000ee49  _sl_HandleAsync_Accept                
2000e6b5  _sl_HandleAsync_Connect               
2000df21  _sl_HandleAsync_DnsGetHostByName      
2000d211  _sl_HandleAsync_DnsGetHostByService   
2000e275  _sl_HandleAsync_InitComplete          
2000dfb1  _sl_HandleAsync_PingResponse          
2000f595  _sl_HandleAsync_Select                
2000f63d  _sl_HandleAsync_Stop                  
2000ec41  _sl_NetAppSendTokenValue              
2001f624  _stream                               
20017000  _sys_memory                           
UNDEFED   _system_post_cinit                    
20010dc7  _system_pre_init                      
2001f714  _unlock                               
20010dcb  abort                                 
2000c625  aligned_alloc                         
2000f809  atoi                                  
ffffffff  binit                                 
2000f285  close                                 
20010ab3  copysign                              
20010ab3  copysignl                             
2001f6b0  cursor_x                              
2001f6b4  cursor_y                              
20005ff5  delay                                 
200080ef  drawChar                              
20007891  drawCircle                            
200079c5  drawCircleHelper                      
20009675  drawFastHLine                         
200095d5  drawFastVLine                         
20007c0b  drawLine                              
20009711  drawPixel                             
2000694f  drawPlayer                            
20007cf7  drawRect                              
20007d45  drawRoundRect                         
20006a1d  drawStep                              
20007ead  drawTriangle                          
20006a3f  eraseStep                             
2001f720  errno                                 
2000f979  exit                                  
20007ae3  fillCircle                            
20007b1d  fillCircleHelper                      
2000951f  fillRect                              
20007e33  fillRoundRect                         
20009509  fillScreen                            
20007eef  fillTriangle                          
200102f5  finddevice                            
2000e301  fputc                                 
2000c1ed  fputs                                 
2000cdad  free                                  
2000eead  frexp                                 
2000eead  frexpl                                
2000ef11  fseek                                 
2001f6d4  g_Host                                
2001f6e8  g_SlDeviceStatus                      
2001f704  g_SpiFd                               
2001f674  g__SlNonOsCB                          
2001f405  g_bDeviceRestartIsRequired            
2001f406  g_cDummy                              
2001f6ec  g_pCB                                 
2001f708  g_pHostIntHdl                         
20004000  g_pfnVectors                          
2001f378  g_time                                
2001f3f0  g_ucConnectionBSSID                   
2001f3a4  g_ucConnectionSSID                    
2001f70c  g_ucDMAEnabled                        
2001f328  g_ucDinDout                           
2001f6d0  g_ulGatewayIP                         
2001f6cc  g_ulPingPacketsRecv                   
2001f6c8  g_ulStatus                            
20006997  getRandomStepWidth                    
200069dd  getRandomStepXCord                    
200069b9  getRandomStepYCord                    
200075fd  getUpdatedMssg                        
200071ad  get_allnames                          
20007019  get_allscores                         
2000fc29  getdevice                             
20009483  goTo                                  
200082ef  height                                
20005c97  http_get                              
2000974f  invert                                
20010d19  isdigit                               
20006567  lcdTestPattern                        
20006637  lcdTestPattern2                       
2000c301  ldexp                                 
2000c301  ldexpl                                
200105a5  lseek                                 
200053ff  main                                  
2000674d  mainScreen                            
20010db1  malloc                                
2000c625  memalign                              
200109c5  memccpy                               
20010865  memchr                                
2000d9c5  memcpy                                
200105cd  memmove                               
2000e83d  memset                                
2001f6f0  pPingCallBackFunc                     
2001f3f8  parmbuf                               
20004fd5  printErrConvenience                   
2000ed7d  printf                                
2000e301  putc                                  
20010231  rand                                  
2000ce91  realloc                               
20010431  remove                                
2000c301  scalbn                                
2000c301  scalbnl                               
20008287  setCursor                             
200082bf  setTextColor                          
2000829f  setTextSize                           
200082d7  setTextWrap                           
2000d135  setvbuf                               
20006be1  showHighScores                        
2000ff65  simplelink_timerA2_start              
2000f165  sl_Close                              
2000aff1  sl_Connect                            
2000d2dd  sl_DevGet                             
2000dafd  sl_DevSet                             
2000fc6d  sl_Htonl                              
2000ffa1  sl_Htons                              
2000b841  sl_NetAppDnsGetHostByName             
2000cf75  sl_NetAppMDNSRegisterUnregisterService
2000ef75  sl_NetAppMDNSUnRegisterService        
2000db95  sl_NetCfgSet                          
20010643  sl_Provisioning_HttpServerEventHdl    
20010651  sl_Provisioning_NetAppEventHdl        
2001065d  sl_Provisioning_WlanEventHdl          
2000d925  sl_Recv                               
2000bd35  sl_Send                               
2000dc2d  sl_SetSockOpt                         
2000e38d  sl_Socket                             
2000caf1  sl_Start                              
2000c821  sl_Stop                               
20009a21  sl_WlanConnect                        
20010089  sl_WlanDisconnect                     
2000e041  sl_WlanPolicySet                      
2000f1c5  sl_WlanProfileDel                     
2000e631  sl_WlanRxFilterSet                    
2000dcc5  sl_WlanSet                            
2000f225  sl_WlanSetMode                        
2000e8b1  spi_Close                             
2000b5b5  spi_Open                              
2000c911  spi_Read                              
2000dd5d  spi_Write                             
2000fdb1  sprintf                               
200106d5  srand                                 
2001091b  strcat                                
20010c5b  strchr                                
20010bd5  strcmp                                
20010c99  strcpy                                
200106f9  strcspn                               
20010cad  strlen                                
200100f7  strncpy                               
200104b1  strspn                                
2000fdf1  strtok                                
2000bf99  strtol                                
2000c411  strtoul                               
2000622b  testdrawcircles                       
2000609b  testdrawrects                         
20006029  testfastlines                         
200061b9  testfillcircles                       
200060fb  testfillrects                         
20006399  testlines                             
20006327  testroundrects                        
200062a5  testtriangles                         
2001f6c0  textbgcolor                           
2001f6bc  textcolor                             
2001f6b8  textsize                              
20010d45  time                                  
2000f855  uDMAChannelAssign                     
2000efd9  uDMAChannelAttributeDisable           
2000f03d  uDMAChannelAttributeEnable            
2000ffdd  uDMAChannelControlSet                 
200109e1  uDMAChannelEnable                     
2000ca01  uDMAChannelTransferSet                
20010431  unlink                                
20006707  updateCursor                          
20006a71  updateGravityScreen                   
20007351  update_allnames                       
200070eb  update_allscore                       
2000fe31  vsnprintf                             
20010cf7  wcslen                                
200082eb  width                                 
2001f6c4  wrap                                  
200105f5  write                                 
200092f1  writeCommand                          
20009321  writeData                             


GLOBAL SYMBOLS: SORTED BY Symbol Address 

address   name                                  
-------   ----                                  
00001000  __STACK_SIZE                          
00008000  __SYSMEM_SIZE                         
20004000  g_pfnVectors                          
20004401  SimpleLinkWlanEventHandler            
2000450f  SimpleLinkNetAppEventHandler          
200045b1  SimpleLinkHttpServerCallback          
200045d5  SimpleLinkGeneralEventHandler         
200045f5  SimpleLinkSockEventHandler            
20004fd5  printErrConvenience                   
20005121  ProcessReadRegCommand                 
20005225  ParseNProcessCmd                      
200053ff  main                                  
20005c97  http_get                              
20005ff5  delay                                 
20006029  testfastlines                         
2000609b  testdrawrects                         
200060fb  testfillrects                         
200061b9  testfillcircles                       
2000622b  testdrawcircles                       
200062a5  testtriangles                         
20006327  testroundrects                        
20006399  testlines                             
20006567  lcdTestPattern                        
20006637  lcdTestPattern2                       
20006707  updateCursor                          
2000674d  mainScreen                            
200068d5  GameOverBanner                        
2000694f  drawPlayer                            
20006997  getRandomStepWidth                    
200069b9  getRandomStepYCord                    
200069dd  getRandomStepXCord                    
20006a1d  drawStep                              
20006a3f  eraseStep                             
20006a71  updateGravityScreen                   
20006be1  showHighScores                        
20007019  get_allscores                         
200070eb  update_allscore                       
200071ad  get_allnames                          
20007351  update_allnames                       
200075fd  getUpdatedMssg                        
20007891  drawCircle                            
200079c5  drawCircleHelper                      
20007ae3  fillCircle                            
20007b1d  fillCircleHelper                      
20007c0b  drawLine                              
20007cf7  drawRect                              
20007d45  drawRoundRect                         
20007e33  fillRoundRect                         
20007ead  drawTriangle                          
20007eef  fillTriangle                          
200080ef  drawChar                              
2000823b  Outstr                                
20008287  setCursor                             
2000829f  setTextSize                           
200082bf  setTextColor                          
200082d7  setTextWrap                           
200082eb  width                                 
200082ef  height                                
20008311  __TI_printfi                          
20008d5f  _nop                                  
200092f1  writeCommand                          
20009321  writeData                             
20009351  Adafruit_Init                         
20009483  goTo                                  
200094c7  Color565                              
20009509  fillScreen                            
2000951f  fillRect                              
200095d5  drawFastVLine                         
20009675  drawFastHLine                         
20009711  drawPixel                             
2000974f  invert                                
2000976b  __aeabi_idiv0                         
2000976b  __aeabi_ldiv0                         
200097f3  I2C_IF_Write                          
200098a3  I2C_IF_Read                           
2000995f  I2C_IF_ReadFrom                       
200099a5  I2C_IF_Open                           
20009a0b  I2C_IF_Close                          
20009a21  sl_WlanConnect                        
20009ca1  InitTerm                              
20009cbf  Message                               
20009ce1  ClearTerm                             
20009ceb  Error                                 
20009d23  GetCmd                                
20009dc9  TrimSpace                             
20009e61  Report                                
2000a3d5  _SlDrvDataReadOp                      
2000a5b9  _SlDrvReleasePoolObj                  
2000a959  __aeabi_dsub                          
2000a963  __aeabi_dadd                          
2000ab11  _SlDrvDriverCBInit                    
2000ae61  _SlDrvWaitForPoolObj                  
2000aff1  sl_Connect                            
2000b17d  PRCMCC3200MCUInit                     
2000b465  _SlDrvDataWriteOp                     
2000b5b5  spi_Open                              
2000b841  sl_NetAppDnsGetHostByName             
2000bac1  PinMuxConfig                          
2000bbfd  __aeabi_ddiv                          
2000bd35  sl_Send                               
2000be69  _SlDrvDriverCBDeinit                  
2000bf99  strtol                                
2000c1ed  fputs                                 
2000c301  ldexp                                 
2000c301  ldexpl                                
2000c301  scalbn                                
2000c301  scalbnl                               
2000c411  strtoul                               
2000c521  _SlDrvNetAppEventHandler              
2000c625  aligned_alloc                         
2000c625  memalign                              
2000c725  __aeabi_dmul                          
2000c821  sl_Stop                               
2000c911  spi_Read                              
2000ca01  uDMAChannelTransferSet                
2000caf1  sl_Start                              
2000ccc5  _SlDrvMsgReadSpawnCtx                 
2000cdad  free                                  
2000ce91  realloc                               
2000cf75  sl_NetAppMDNSRegisterUnregisterService
2000d135  setvbuf                               
2000d211  _sl_HandleAsync_DnsGetHostByService   
2000d2dd  sl_DevGet                             
2000d46d  _SlDrvCmdOp                           
2000d5e1  _SlNonOsSemGet                        
2000d691  IntDisable                            
2000d739  IntEnable                             
2000d7e1  _SlDriverHandleError                  
2000d885  SPIConfigSetExpClk                    
2000d925  sl_Recv                               
2000d9c5  __aeabi_memcpy                        
2000d9c5  __aeabi_memcpy4                       
2000d9c5  __aeabi_memcpy8                       
2000d9c5  memcpy                                
2000da61  _SlDrvDeviceEventHandler              
2000dafd  sl_DevSet                             
2000db95  sl_NetCfgSet                          
2000dc2d  sl_SetSockOpt                         
2000dcc5  sl_WlanSet                            
2000dd5d  spi_Write                             
2000ddf5  __aeabi_uldivmod                      
2000de8d  PRCMPeripheralClockGet                
2000df21  _sl_HandleAsync_DnsGetHostByName      
2000dfb1  _sl_HandleAsync_PingResponse          
2000e041  sl_WlanPolicySet                      
2000e1e9  _SlDrvIsTimeoutExpired                
2000e275  _sl_HandleAsync_InitComplete          
2000e301  fputc                                 
2000e301  putc                                  
2000e38d  sl_Socket                             
2000e419  PinConfigSet                          
2000e4a1  __aeabi_cdcmpeq                       
2000e4a1  __aeabi_cdcmple                       
2000e527  __aeabi_cdrcmple                      
2000e5ad  I2CMasterInitExpClk                   
2000e631  sl_WlanRxFilterSet                    
2000e6b5  _sl_HandleAsync_Connect               
2000e835  __aeabi_memclr                        
2000e835  __aeabi_memclr4                       
2000e835  __aeabi_memclr8                       
2000e837  __aeabi_memset                        
2000e837  __aeabi_memset4                       
2000e837  __aeabi_memset8                       
2000e83d  memset                                
2000e8b1  spi_Close                             
2000e929  UARTConfigSetExpClk                   
2000e9a1  _SlNonOsMainLoopTask                  
2000ea15  __TI_closefile                        
2000eb69  HOSTrename                            
2000ebd5  _SlDrvCmdSend                         
2000ec41  _sl_NetAppSendTokenValue              
2000ecad  HOSTlseek                             
2000ed15  __TI_decompress_lzss                  
2000ed7d  printf                                
2000ede5  _SlNonOsSpawn                         
2000ee49  _sl_HandleAsync_Accept                
2000eead  frexp                                 
2000eead  frexpl                                
2000ef11  fseek                                 
2000ef75  sl_NetAppMDNSUnRegisterService        
2000efd9  uDMAChannelAttributeDisable           
2000f03d  uDMAChannelAttributeEnable            
2000f0a1  __TI_wrt_ok                           
2000f105  HOSTopen                              
2000f165  sl_Close                              
2000f1c5  sl_WlanProfileDel                     
2000f225  sl_WlanSetMode                        
2000f285  close                                 
2000f2e1  HOSTread                              
2000f339  HOSTwrite                             
2000f391  IntPendClear                          
2000f3e9  PRCMPeripheralReset                   
2000f499  IntPrioritySet                        
2000f4ed  _SlDrvRxIrqHandler                    
2000f541  __TI_ltoa                             
2000f595  _sl_HandleAsync_Select                
2000f63d  _sl_HandleAsync_Stop                  
2000f68d  SPIIntEnable                          
2000f725  _SlDrvProtectAsyncRespSetting         
2000f771  __TI_doflush                          
2000f809  atoi                                  
2000f855  uDMAChannelAssign                     
2000f8a1  HOSTtime                              
2000f8e9  SPIIntClear                           
2000f931  _SlDrvBasicCmd                        
2000f979  exit                                  
2000f9c1  __aeabi_d2iz                          
2000fa09  HOSTclose                             
2000fa4d  HOSTunlink                            
2000fad5  TimerConfigure                        
2000fb19  _SlDrvHandleHttpServerEvents          
2000fb5d  _SlDrvSyncObjWaitTimeout              
2000fba1  __TI_auto_init_nobinit_nopinit        
2000fc29  getdevice                             
2000fc6d  sl_Htonl                              
2000fcb1  PinModeSet                            
2000fcf1  _SlDrvHandleNetAppEvents              
2000fd31  _SlDrvHandleWlanEvents                
2000fdb1  sprintf                               
2000fdf1  strtok                                
2000fe31  vsnprintf                             
2000fe71  NwpRegisterInterruptHandler           
2000ff29  PRCMPeripheralClkEnable               
2000ff65  simplelink_timerA2_start              
2000ffa1  sl_Htons                              
2000ffdd  uDMAChannelControlSet                 
20010019  NwpPowerOff                           
20010051  __TI_writemsg                         
2001007f  C$$IO$$                               
20010089  sl_WlanDisconnect                     
200100c1  GPIODirModeSet                        
200100f7  strncpy                               
2001012d  PRCMPeripheralStatusGet               
20010161  SPIFIFOLevelSet                       
20010195  __TI_cleanup                          
200101c9  __TI_readmsg                          
200101fd  _c_int00_noargs                       
20010231  rand                                  
20010265  PinTypeGPIO                           
20010295  UARTDisable                           
200102f5  finddevice                            
20010325  __aeabi_i2d                           
20010353  I2CMasterErr                          
20010381  NwpPowerOn                            
200103ad  PRCMSysResetCauseGet                  
20010405  _SlDrvProtectionObjLockWaitForever    
20010431  remove                                
20010431  unlink                                
2001045d  TimerLoadSet                          
20010487  TimerPrescaleSet                      
200104b1  strspn                                
200104dd  PRCMPeripheralClkDisable              
20010505  _SlDrvGlobalObjUnLock                 
2001052d  _SlDrvProtectionObjUnLock             
20010555  _SlDrvSyncObjWaitForever              
200105a5  lseek                                 
200105cd  memmove                               
200105f5  write                                 
2001061d  _SlDrvObjLockWaitForever              
20010643  sl_Provisioning_HttpServerEventHdl    
20010651  sl_Provisioning_NetAppEventHdl        
2001065d  sl_Provisioning_WlanEventHdl          
20010669  DmaSpiSwIntHandler                    
2001068d  IntUnregister                         
200106b1  UARTEnable                            
200106d5  srand                                 
200106f9  strcspn                               
2001071d  I2CMasterSlaveAddrSet                 
2001073f  SPIReset                              
20010761  SPIWordCountSet                       
20010783  GPIOPinWrite                          
200107a5  IntRegister                           
200107c5  NwpPrePowerOffTimout0                 
200107e5  SPIDataGet                            
20010805  TimerGetCurrentTimestamp              
20010825  _SlDrvObjUnLock                       
20010845  _SlDrvSyncObjSignal                   
20010865  memchr                                
20010885  I2CMasterIntStatusEx                  
200108a3  SPIDataPut                            
200108c1  TimerEnable                           
200108df  UARTCharPut                           
2001091b  strcat                                
20010939  PinTypeI2C                            
20010955  TimerValueGet                         
20010971  UARTCharGetNonBlocking                
2001098d  _SlDrvStartMeasureTimeout             
200109c5  memccpy                               
200109e1  uDMAChannelEnable                     
200109fd  PinTypeSPI                            
20010a17  PinTypeUART                           
20010a31  SPIDmaDisable                         
20010a4b  SPIDmaEnable                          
20010a65  SPIFIFODisable                        
20010a7f  SPIFIFOEnable                         
20010a99  SPIIntUnregister                      
20010ab3  copysign                              
20010ab3  copysignl                             
20010acd  GPIOPinRead                           
20010ae5  I2CMasterIntEnableEx                  
20010afd  SPICSDisable                          
20010b15  SPICSEnable                           
20010b2d  SPIDisable                            
20010b45  SPIEnable                             
20010b5d  UARTCharsAvail                        
20010b75  _SlNonOsSemSet                        
20010bd5  strcmp                                
20010bed  I2CMasterDataPut                      
20010c03  I2CMasterEnable                       
20010c19  PRCMHIBRegRead                        
20010c2f  PRCMHIBRegWrite                       
20010c45  _SlDrvMemZero                         
20010c5b  strchr                                
20010c71  CPUcpsie                              
20010c85  IntVTableBaseSet                      
20010c99  strcpy                                
20010cad  strlen                                
20010cc1  I2CMasterControl                      
20010cd3  I2CMasterIntClearEx                   
20010ce5  I2CMasterTimeoutSet                   
20010cf7  wcslen                                
20010d09  _SlDrvDispatchHttpServerEvents        
20010d19  isdigit                               
20010d29  I2CMasterDataGet                      
20010d37  _SlDrvResetCmdExt                     
20010d45  __time32                              
20010d45  time                                  
20010d53  __TI_decompress_none                  
20010d61  ResetISR                              
20010d71  NwpMaskInterrupt                      
20010d7d  NwpUnMaskInterrupt                    
20010d89  __TI_zero_init                        
20010d95  IntMasterEnable                       
20010da9  __aeabi_errno_addr                    
20010db1  malloc                                
20010db9  UtilsDelay                            
20010dc7  _system_pre_init                      
20010dcb  C$$EXIT                               
20010dcb  abort                                 
200114cb  _ctypes_                              
20011848  OpcodeTranslateTable                  
20011884  _SlActionLookupTable                  
20011afc  _SlNetAppSendTokenValueCmdCtrl        
20011b40  __TI_static_base__                    
20011c48  __TI_Handler_Table_Base               
20011c54  __TI_Handler_Table_Limit              
20011c60  __TI_CINIT_Base                       
20011c70  __TI_CINIT_Limit                      
20017000  __start___llvm_prf_cnts               
20017000  __stop___llvm_prf_cnts                
20017000  _sys_memory                           
2001f168  __CIOBUF_                             
2001f288  __TI_tmpnams                          
2001f328  g_ucDinDout                           
2001f378  g_time                                
2001f3a4  g_ucConnectionSSID                    
2001f3f0  g_ucConnectionBSSID                   
2001f3f8  parmbuf                               
2001f404  RxIrqCnt                              
2001f405  g_bDeviceRestartIsRequired            
2001f406  g_cDummy                              
2001f408  _ftable                               
2001f4f8  DATA1                                 
2001f5ac  _device                               
2001f624  _stream                               
2001f674  g__SlNonOsCB                          
2001f6b0  cursor_x                              
2001f6b4  cursor_y                              
2001f6b8  textsize                              
2001f6bc  textcolor                             
2001f6c0  textbgcolor                           
2001f6c4  wrap                                  
2001f6c8  g_ulStatus                            
2001f6cc  g_ulPingPacketsRecv                   
2001f6d0  g_ulGatewayIP                         
2001f6d4  g_Host                                
2001f6d8  __TI_ft_end                           
2001f6dc  __aeabi_stdin                         
2001f6e0  __aeabi_stdout                        
2001f6e4  __aeabi_stderr                        
2001f6e8  g_SlDeviceStatus                      
2001f6ec  g_pCB                                 
2001f6f0  pPingCallBackFunc                     
2001f6f8  __TI_cleanup_ptr                      
2001f6fc  __TI_dtors_ptr                        
2001f700  __TI_enable_exit_profile_output       
2001f704  g_SpiFd                               
2001f708  g_pHostIntHdl                         
2001f70c  g_ucDMAEnabled                        
2001f710  _lock                                 
2001f714  _unlock                               
2001f720  errno                                 
2002f000  __stack                               
20030000  __STACK_END                           
ffffffff  __TI_pprof_out_hndl                   
ffffffff  __TI_prof_data_size                   
ffffffff  __TI_prof_data_start                  
ffffffff  __binit__                             
ffffffff  __c_args__                            
ffffffff  binit                                 
UNDEFED   __mpu_init                            
UNDEFED   _system_post_cinit                    

[402 symbols]
