******************************************************************************
                  TI ARM Linker PC v20.2.2                     
******************************************************************************
>> Linked Fri May 14 11:51:23 2021

OUTPUT FILE NAME:   <SSL_REST_API_AWS.out>
ENTRY POINT SYMBOL: "_c_int00_noargs"  address: 2000cbb5


MEMORY CONFIGURATION

         name            origin    length      used     unused   attr    fill
----------------------  --------  ---------  --------  --------  ----  --------
  SRAM_CODE             20004000   00013000  00009b7a  00009486  RW X
  SRAM_DATA             20017000   00019000  000092ba  0000fd46  RW X


SEGMENT ALLOCATION MAP

run origin  load origin   length   init length attrs members
----------  ----------- ---------- ----------- ----- -------
20004000    20004000    00009b80   00009b80    r-x
  20004000    20004000    00000400   00000400    r-- .intvecs
  20004400    20004400    0000911e   0000911e    r-x .text
  2000d520    2000d520    00000614   00000614    r-- .const
  2000db38    2000db38    00000048   00000048    r-- .cinit
20017000    20017000    000082bc   00000000    rw-
  20017000    20017000    00008000   00000000    rw- .sysmem
  2001f000    2001f000    0000021a   00000000    rw- .bss
  2001f21c    2001f21c    000000a0   00000000    rw- .data
2002f000    2002f000    00001000   00000000    rw-
  2002f000    2002f000    00001000   00000000    rw- .stack


SECTION ALLOCATION MAP

 output                                  attributes/
section   page    origin      length       input sections
--------  ----  ----------  ----------   ----------------
.intvecs   0    20004000    00000400     
                  20004000    00000400     startup_ccs.obj (.intvecs)

.init_array 
*          0    20004000    00000000     UNINITIALIZED

.text      0    20004400    0000911e     
                  20004400    00001310     main.obj (.text)
                  20005710    00000a4e     rtsv7M4_T_le_v4SPD16_eabi.lib : _printfi.c.obj (.text:__TI_printfi)
                  2000615e    00000002     driverlib.a : interrupt.obj (.text:IntDefaultHandler)
                  20006160    00000590     simplelink.a : driver.obj (.text:_SlDrvMsgRead)
                  200066f0    0000047a     Adafruit_OLED.obj (.text)
                  20006b6a    00000002     rtsv7M4_T_le_v4SPD16_eabi.lib : _lock.c.obj (.text:_nop)
                  20006b6c    00000398     gpio_if.obj (.text)
                  20006f04    00000280     simplelink.a : wlan.obj (.text:sl_WlanConnect)
                  20007184    0000027c     uart_if.obj (.text)
                  20007400    00000270     rtsv7M4_T_le_v4SPD16_eabi.lib : _printfi.c.obj (.text:_pconv_a)
                  20007670    00000248     simplelink.a : driver.obj (.text:_SlDrvRxHdrRead)
                  200078b8    000001e4                  : driver.obj (.text:_SlDrvDataReadOp)
                  20007a9c    000001d0                  : driver.obj (.text:_SlDrvReleasePoolObj)
                  20007c6c    000001d0     rtsv7M4_T_le_v4SPD16_eabi.lib : _printfi.c.obj (.text:_pconv_g)
                  20007e3c    000001b6                                   : fd_add_t2.asm.obj (.text)
                  20007ff2    00000002                                   : div0.asm.obj (.text)
                  20007ff4    000001b4     simplelink.a : driver.obj (.text:_SlDrvDriverCBInit)
                  200081a8    0000019c                  : driver.obj (.text:_SlDrvMsgWrite)
                  20008344    00000190                  : driver.obj (.text:_SlDrvWaitForPoolObj)
                  200084d4    0000018c                  : socket.obj (.text:sl_Connect)
                  20008660    00000178     driverlib.a : prcm.obj (.text:PRCMCC3200MCUInit)
                  200087d8    00000170     simplelink.a : driver.obj (.text:_SlFindAndSetActiveObj)
                  20008948    00000150                  : driver.obj (.text:_SlDrvDataWriteOp)
                  20008a98    00000148                  : cc_pal.obj (.text:spi_Open)
                  20008be0    00000144                  : driver.obj (.text:_SlDrvMsgReadCmdCtx)
                  20008d24    00000144                  : netapp.obj (.text:sl_NetAppDnsGetHostByName)
                  20008e68    0000013c     rtsv7M4_T_le_v4SPD16_eabi.lib : _printfi.c.obj (.text:_pconv_e)
                  20008fa4    00000136                                   : fd_div_t2.asm.obj (.text)
                  200090da    00000002     --HOLE-- [fill = 0]
                  200090dc    00000134     simplelink.a : socket.obj (.text:sl_Send)
                  20009210    00000130                  : driver.obj (.text:_SlDrvDriverCBDeinit)
                  20009340    00000124     rtsv7M4_T_le_v4SPD16_eabi.lib : _printfi.c.obj (.text:fcvt)
                  20009464    00000124     pin_mux_config.obj (.text)
                  20009588    00000110     rtsv7M4_T_le_v4SPD16_eabi.lib : s_scalbn.c.obj (.text:scalbn)
                  20009698    00000104     simplelink.a : netapp.obj (.text:_SlDrvNetAppEventHandler)
                  2000979c    00000100     rtsv7M4_T_le_v4SPD16_eabi.lib : memory.c.obj (.text:aligned_alloc)
                  2000989c    000000fc                                   : fd_mul_t2.asm.obj (.text)
                  20009998    000000f0     simplelink.a : device.obj (.text:sl_Stop)
                  20009a88    000000f0                  : cc_pal.obj (.text:spi_Read)
                  20009b78    000000f0     driverlib.a : udma.obj (.text:uDMAChannelTransferSet)
                  20009c68    000000ec     simplelink.a : device.obj (.text:sl_Start)
                  20009d54    000000e8                  : driver.obj (.text:_SlAsyncEventGenericHandler)
                  20009e3c    000000e8                  : driver.obj (.text:_SlDrvMsgReadSpawnCtx)
                  20009f24    000000e4     rtsv7M4_T_le_v4SPD16_eabi.lib : memory.c.obj (.text:free)
                  2000a008    000000e4                                   : memory.c.obj (.text:realloc)
                  2000a0ec    000000e4     simplelink.a : netapp.obj (.text:sl_NetAppMDNSRegisterUnregisterService)
                  2000a1d0    000000dc                  : driver.obj (.text:_SlDrvClassifyRxMsg)
                  2000a2ac    000000cc                  : netapp.obj (.text:_sl_HandleAsync_DnsGetHostByService)
                  2000a378    000000cc                  : device.obj (.text:sl_DevGet)
                  2000a444    000000c4                  : driver.obj (.text:_SlRemoveFromList)
                  2000a508    000000c0                  : driver.obj (.text:_SlDrvCmdOp)
                  2000a5c8    000000b1     rtsv7M4_T_le_v4SPD16_eabi.lib : _printfi.c.obj (.text:_ltostr)
                  2000a679    00000003     --HOLE-- [fill = 0]
                  2000a67c    000000b0     simplelink.a : nonos.obj (.text:_SlNonOsSemGet)
                  2000a72c    000000a8     driverlib.a : interrupt.obj (.text:IntDisable)
                  2000a7d4    000000a8                 : interrupt.obj (.text:IntEnable)
                  2000a87c    000000a4     simplelink.a : driver.obj (.text:_SlDriverHandleError)
                  2000a920    000000a0     driverlib.a : spi.obj (.text:SPIConfigSetExpClk)
                  2000a9c0    000000a0     simplelink.a : socket.obj (.text:sl_Recv)
                  2000aa60    0000009c     rtsv7M4_T_le_v4SPD16_eabi.lib : memcpy_t2.asm.obj (.text)
                  2000aafc    0000009a     simplelink.a : device.obj (.text:_SlDrvDeviceEventHandler)
                  2000ab96    00000002     --HOLE-- [fill = 0]
                  2000ab98    00000098                  : device.obj (.text:sl_DevSet)
                  2000ac30    00000098                  : netcfg.obj (.text:sl_NetCfgSet)
                  2000acc8    00000098                  : socket.obj (.text:sl_SetSockOpt)
                  2000ad60    00000098                  : wlan.obj (.text:sl_WlanSet)
                  2000adf8    00000098                  : cc_pal.obj (.text:spi_Write)
                  2000ae90    00000096     rtsv7M4_T_le_v4SPD16_eabi.lib : ull_div_t2.asm.obj (.text)
                  2000af26    00000002     --HOLE-- [fill = 0]
                  2000af28    00000094     driverlib.a : prcm.obj (.text:PRCMPeripheralClockGet)
                  2000afbc    00000090     simplelink.a : netapp.obj (.text:_sl_HandleAsync_DnsGetHostByName)
                  2000b04c    00000090                  : netapp.obj (.text:_sl_HandleAsync_PingResponse)
                  2000b0dc    00000090                  : wlan.obj (.text:sl_WlanPolicySet)
                  2000b16c    0000008c                  : cc_pal.obj (.text:SetupDMAReceive)
                  2000b1f8    0000008c                  : cc_pal.obj (.text:SetupDMASend)
                  2000b284    0000008c                  : driver.obj (.text:_SlDrvIsTimeoutExpired)
                  2000b310    0000008c                  : device.obj (.text:_sl_HandleAsync_InitComplete)
                  2000b39c    0000008c                  : socket.obj (.text:sl_Socket)
                  2000b428    00000088     driverlib.a : pin.obj (.text:PinConfigSet)
                  2000b4b0    00000086     rtsv7M4_T_le_v4SPD16_eabi.lib : fd_cmp_t2.asm.obj (.text:__aeabi_cdcmple)
                  2000b536    00000086                                   : fd_cmp_t2.asm.obj (.text:__aeabi_cdrcmple)
                  2000b5bc    00000084     simplelink.a : wlan.obj (.text:sl_WlanRxFilterSet)
                  2000b640    00000082     driverlib.a : gpio.obj (.text:GPIOIntTypeSet)
                  2000b6c2    00000002     --HOLE-- [fill = 0]
                  2000b6c4    00000080     simplelink.a : socket.obj (.text:_sl_HandleAsync_Connect)
                  2000b744    00000080                  : cc_pal.obj (.text:spi_Read_CPU)
                  2000b7c4    00000080                  : cc_pal.obj (.text:spi_Write_CPU)
                  2000b844    0000007a     rtsv7M4_T_le_v4SPD16_eabi.lib : memset_t2.asm.obj (.text)
                  2000b8be    00000002     --HOLE-- [fill = 0]
                  2000b8c0    00000078     simplelink.a : cc_pal.obj (.text:spi_Close)
                  2000b938    00000076     driverlib.a : uart.obj (.text:UARTConfigSetExpClk)
                  2000b9ae    00000002     --HOLE-- [fill = 0]
                  2000b9b0    00000074     simplelink.a : nonos.obj (.text:_SlNonOsMainLoopTask)
                  2000ba24    00000070     rtsv7M4_T_le_v4SPD16_eabi.lib : memory.c.obj (.text:split)
                  2000ba94    0000006e                                   : _printfi.c.obj (.text:_mcpy)
                  2000bb02    00000002     --HOLE-- [fill = 0]
                  2000bb04    0000006c     simplelink.a : driver.obj (.text:_SlDrvCmdSend)
                  2000bb70    0000006c                  : netapp.obj (.text:_sl_NetAppSendTokenValue)
                  2000bbdc    00000068     rtsv7M4_T_le_v4SPD16_eabi.lib : copy_decompress_lzss.c.obj (.text:decompress:lzss:__TI_decompress_lzss)
                  2000bc44    00000064     simplelink.a : nonos.obj (.text:_SlNonOsSpawn)
                  2000bca8    00000064                  : socket.obj (.text:_sl_HandleAsync_Accept)
                  2000bd0c    00000064     rtsv7M4_T_le_v4SPD16_eabi.lib : s_frexp.c.obj (.text:frexp)
                  2000bd70    00000064     simplelink.a : netapp.obj (.text:sl_NetAppMDNSUnRegisterService)
                  2000bdd4    00000064     driverlib.a : udma.obj (.text:uDMAChannelAttributeDisable)
                  2000be38    00000064                 : udma.obj (.text:uDMAChannelAttributeEnable)
                  2000be9c    00000060     simplelink.a : socket.obj (.text:sl_Close)
                  2000befc    00000060                  : wlan.obj (.text:sl_WlanProfileDel)
                  2000bf5c    00000060                  : wlan.obj (.text:sl_WlanSetMode)
                  2000bfbc    00000058     driverlib.a : interrupt.obj (.text:IntPendClear)
                  2000c014    00000058                 : prcm.obj (.text:PRCMPeripheralReset)
                  2000c06c    00000056     rtsv7M4_T_le_v4SPD16_eabi.lib : _printfi.c.obj (.text:_pconv_f)
                  2000c0c2    00000002     --HOLE-- [fill = 0]
                  2000c0c4    00000054     driverlib.a : interrupt.obj (.text:IntPrioritySet)
                  2000c118    00000054     simplelink.a : driver.obj (.text:_SlDrvRxIrqHandler)
                  2000c16c    00000054     rtsv7M4_T_le_v4SPD16_eabi.lib : _ltoa.c.obj (.text:__TI_ltoa)
                  2000c1c0    00000054     simplelink.a : socket.obj (.text:_sl_HandleAsync_Select)
                  2000c214    00000052     rtsv7M4_T_le_v4SPD16_eabi.lib : _printfi.c.obj (.text:_ecpy)
                  2000c266    00000002     --HOLE-- [fill = 0]
                  2000c268    00000050     simplelink.a : device.obj (.text:_sl_HandleAsync_Stop)
                  2000c2b8    0000004c     driverlib.a : spi.obj (.text:SPIIntEnable)
                  2000c304    0000004c                 : spi.obj (.text:SPIIntNumberGet)
                  2000c350    0000004c     simplelink.a : driver.obj (.text:_SlDrvProtectAsyncRespSetting)
                  2000c39c    0000004c                  : socket.obj (.text:_sl_BuildAddress)
                  2000c3e8    0000004c     rtsv7M4_T_le_v4SPD16_eabi.lib : atoi.c.obj (.text:atoi)
                  2000c434    0000004c     driverlib.a : udma.obj (.text:uDMAChannelAssign)
                  2000c480    00000048                 : gpio.obj (.text:GPIOGetIntNumber)
                  2000c4c8    00000048                 : spi.obj (.text:SPIIntClear)
                  2000c510    00000048     simplelink.a : driver.obj (.text:_SlDrvBasicCmd)
                  2000c558    00000048     rtsv7M4_T_le_v4SPD16_eabi.lib : fd_toi_t2.asm.obj (.text)
                  2000c5a0    00000044     driverlib.a : spi.obj (.text:SPIDmaMaskGet)
                  2000c5e4    00000044                 : timer.obj (.text:TimerConfigure)
                  2000c628    00000044     simplelink.a : driver.obj (.text:_SlDrvHandleHttpServerEvents)
                  2000c66c    00000044                  : driver.obj (.text:_SlDrvSyncObjWaitTimeout)
                  2000c6b0    00000044     rtsv7M4_T_le_v4SPD16_eabi.lib : autoinit.c.obj (.text:__TI_auto_init_nobinit_nopinit:__TI_auto_init_nobinit_nopinit)
                  2000c6f4    00000044     simplelink.a : cc_pal.obj (.text:cc_SetupTransfer)
                  2000c738    00000042                  : socket.obj (.text:sl_Htonl)
                  2000c77a    00000002     --HOLE-- [fill = 0]
                  2000c77c    00000040     driverlib.a : pin.obj (.text:PinModeSet)
                  2000c7bc    00000040     simplelink.a : driver.obj (.text:_SlDrvHandleNetAppEvents)
                  2000c7fc    00000040                  : driver.obj (.text:_SlDrvHandleWlanEvents)
                  2000c83c    00000040                  : socket.obj (.text:_sl_TruncatePayloadByProtocol)
                  2000c87c    00000040     rtsv7M4_T_le_v4SPD16_eabi.lib : sprintf.c.obj (.text:sprintf)
                  2000c8bc    00000040                                   : vsnprintf.c.obj (.text:vsnprintf)
                  2000c8fc    0000003e     simplelink.a : cc_pal.obj (.text:NwpRegisterInterruptHandler)
                  2000c93a    0000003e     rtsv7M4_T_le_v4SPD16_eabi.lib : _printfi.c.obj (.text:_fcpy)
                  2000c978    0000003c     simplelink.a : netapp.obj (.text:CopyPingResultsToReport)
                  2000c9b4    0000003c     driverlib.a : prcm.obj (.text:PRCMPeripheralClkEnable)
                  2000c9f0    0000003c     simplelink.a : cc_pal.obj (.text:simplelink_timerA2_start)
                  2000ca2c    0000003c                  : socket.obj (.text:sl_Htons)
                  2000ca68    0000003c     driverlib.a : udma.obj (.text:uDMAChannelControlSet)
                  2000caa4    00000038     simplelink.a : cc_pal.obj (.text:NwpPowerOff)
                  2000cadc    00000038                  : wlan.obj (.text:sl_WlanDisconnect)
                  2000cb14    00000036     driverlib.a : gpio.obj (.text:GPIODirModeSet)
                  2000cb4a    00000002     --HOLE-- [fill = 0]
                  2000cb4c    00000034                 : prcm.obj (.text:PRCMPeripheralStatusGet)
                  2000cb80    00000034                 : spi.obj (.text:SPIFIFOLevelSet)
                  2000cbb4    00000034     rtsv7M4_T_le_v4SPD16_eabi.lib : boot_cortex_m.c.obj (.text:_c_int00_noargs:_c_int00_noargs)
                  2000cbe8    00000030     driverlib.a : pin.obj (.text:PinTypeGPIO)
                  2000cc18    00000030                 : uart.obj (.text:UARTDisable)
                  2000cc48    00000030     rtsv7M4_T_le_v4SPD16_eabi.lib : vsnprintf.c.obj (.text:_outs)
                  2000cc78    0000002e                                   : i_tofd_t2.asm.obj (.text)
                  2000cca6    00000002     --HOLE-- [fill = 0]
                  2000cca8    0000002c     simplelink.a : cc_pal.obj (.text:NwpPowerOn)
                  2000ccd4    0000002c     driverlib.a : prcm.obj (.text:PRCMSysResetCauseGet)
                  2000cd00    0000002c     simplelink.a : driver.obj (.text:_SlDrvObjGlobalLockWaitForever)
                  2000cd2c    0000002c                  : driver.obj (.text:_SlDrvProtectionObjLockWaitForever)
                  2000cd58    0000002a     driverlib.a : timer.obj (.text:TimerLoadSet)
                  2000cd82    0000002a                 : timer.obj (.text:TimerPrescaleSet)
                  2000cdac    00000028                 : prcm.obj (.text:PRCMPeripheralClkDisable)
                  2000cdd4    00000028     simplelink.a : driver.obj (.text:_SlDrvGlobalObjUnLock)
                  2000cdfc    00000028                  : driver.obj (.text:_SlDrvProtectionObjUnLock)
                  2000ce24    00000028                  : driver.obj (.text:_SlDrvSyncObjWaitForever)
                  2000ce4c    00000028     rtsv7M4_T_le_v4SPD16_eabi.lib : memory.c.obj (.text:free_list_insert)
                  2000ce74    00000028                                   : memmov.c.obj (.text:memmove)
                  2000ce9c    00000026     simplelink.a : driver.obj (.text:_SlDrvObjLockWaitForever)
                  2000cec2    00000026     network_common.obj (.text)
                  2000cee8    00000024     simplelink.a : cc_pal.obj (.text:DmaSpiSwIntHandler)
                  2000cf0c    00000024     driverlib.a : interrupt.obj (.text:IntUnregister)
                  2000cf30    00000024                 : uart.obj (.text:UARTEnable)
                  2000cf54    00000022                 : spi.obj (.text:SPIReset)
                  2000cf76    00000022                 : spi.obj (.text:SPIWordCountSet)
                  2000cf98    00000020                 : gpio.obj (.text:GPIOPinWrite)
                  2000cfb8    00000020                 : interrupt.obj (.text:IntRegister)
                  2000cfd8    00000020     simplelink.a : cc_pal.obj (.text:NwpPrePowerOffTimout0)
                  2000cff8    00000020     driverlib.a : spi.obj (.text:SPIDataGet)
                  2000d018    00000020     simplelink.a : cc_pal.obj (.text:TimerGetCurrentTimestamp)
                  2000d038    00000020                  : driver.obj (.text:_SlDrvObjUnLock)
                  2000d058    00000020                  : driver.obj (.text:_SlDrvSyncObjSignal)
                  2000d078    0000001e     driverlib.a : gpio.obj (.text:GPIOIntRegister)
                  2000d096    0000001e                 : spi.obj (.text:SPIDataPut)
                  2000d0b4    0000001e                 : timer.obj (.text:TimerEnable)
                  2000d0d2    0000001e                 : uart.obj (.text:UARTCharPut)
                  2000d0f0    0000001e     simplelink.a : cc_pal.obj (.text:cc_UDMAChannelSelect)
                  2000d10e    0000001c     driverlib.a : pin.obj (.text:PinTypeI2C)
                  2000d12a    0000001c                 : timer.obj (.text:TimerValueGet)
                  2000d146    0000001c                 : uart.obj (.text:UARTCharGetNonBlocking)
                  2000d162    0000001c     simplelink.a : driver.obj (.text:_SlDrvStartMeasureTimeout)
                  2000d17e    0000001c     rtsv7M4_T_le_v4SPD16_eabi.lib : copy_zero_init.c.obj (.text:decompress:ZI:__TI_zero_init_nomemset:__TI_zero_init_nomemset)
                  2000d19a    00000002     --HOLE-- [fill = 0]
                  2000d19c    0000001c                                   : memory.c.obj (.text:free_list_remove)
                  2000d1b8    0000001c                                   : memccpy.c.obj (.text:memccpy)
                  2000d1d4    0000001c     driverlib.a : udma.obj (.text:uDMAChannelEnable)
                  2000d1f0    0000001a                 : gpio.obj (.text:GPIOIntEnable)
                  2000d20a    0000001a                 : pin.obj (.text:PinTypeSPI)
                  2000d224    0000001a                 : pin.obj (.text:PinTypeUART)
                  2000d23e    0000001a                 : spi.obj (.text:SPIDmaDisable)
                  2000d258    0000001a                 : spi.obj (.text:SPIDmaEnable)
                  2000d272    0000001a                 : spi.obj (.text:SPIFIFODisable)
                  2000d28c    0000001a                 : spi.obj (.text:SPIFIFOEnable)
                  2000d2a6    0000001a                 : spi.obj (.text:SPIIntUnregister)
                  2000d2c0    0000001a     rtsv7M4_T_le_v4SPD16_eabi.lib : s_copysign.c.obj (.text:copysign)
                  2000d2da    00000018     driverlib.a : gpio.obj (.text:GPIOPinRead)
                  2000d2f2    00000018                 : spi.obj (.text:SPICSDisable)
                  2000d30a    00000018                 : spi.obj (.text:SPICSEnable)
                  2000d322    00000018                 : spi.obj (.text:SPIDisable)
                  2000d33a    00000018                 : spi.obj (.text:SPIEnable)
                  2000d352    00000018                 : uart.obj (.text:UARTCharsAvail)
                  2000d36a    00000018     simplelink.a : nonos.obj (.text:_SlNonOsSemSet)
                  2000d382    00000018     rtsv7M4_T_le_v4SPD16_eabi.lib : vsnprintf.c.obj (.text:_outc)
                  2000d39a    00000018                                   : sprintf.c.obj (.text:_outs)
                  2000d3b2    00000002     --HOLE-- [fill = 0]
                  2000d3b4    00000018     simplelink.a : device.obj (.text:_sl_GetStartResponseConvert)
                  2000d3cc    00000016     driverlib.a : prcm.obj (.text:PRCMHIBRegRead)
                  2000d3e2    00000016                 : prcm.obj (.text:PRCMHIBRegWrite)
                  2000d3f8    00000016     simplelink.a : driver.obj (.text:_SlDrvMemZero)
                  2000d40e    00000016     rtsv7M4_T_le_v4SPD16_eabi.lib : strchr.c.obj (.text:strchr)
                  2000d424    00000014     driverlib.a : cpu.obj (.text:CPUcpsie)
                  2000d438    00000014                 : gpio.obj (.text:GPIOIntClear)
                  2000d44c    00000014                 : interrupt.obj (.text:IntVTableBaseSet)
                  2000d460    00000014     rtsv7M4_T_le_v4SPD16_eabi.lib : strcpy.c.obj (.text:strcpy)
                  2000d474    00000014                                   : strlen.c.obj (.text:strlen)
                  2000d488    00000012                                   : wcslen.c.obj (.text:wcslen)
                  2000d49a    00000010     simplelink.a : driver.obj (.text:_SlDrvDispatchHttpServerEvents)
                  2000d4aa    0000000e                  : driver.obj (.text:_SlDrvResetCmdExt)
                  2000d4b8    0000000e     rtsv7M4_T_le_v4SPD16_eabi.lib : copy_decompress_none.c.obj (.text:decompress:none:__TI_decompress_none)
                  2000d4c6    0000000e     startup_ccs.obj (.text)
                  2000d4d4    0000000c     simplelink.a : cc_pal.obj (.text:NwpMaskInterrupt)
                  2000d4e0    0000000c                  : cc_pal.obj (.text:NwpUnMaskInterrupt)
                  2000d4ec    0000000a     driverlib.a : interrupt.obj (.text:IntMasterEnable)
                  2000d4f6    0000000a     rtsv7M4_T_le_v4SPD16_eabi.lib : sprintf.c.obj (.text:_outc)
                  2000d500    00000008                                   : errno.c.obj (.text:__aeabi_errno_addr)
                  2000d508    00000008                                   : memory.c.obj (.text:malloc)
                  2000d510    00000006     driverlib.a : utils.obj (.text:UtilsDelay)
                  2000d516    00000004     rtsv7M4_T_le_v4SPD16_eabi.lib : pre_init.c.obj (.text:_system_pre_init)
                  2000d51a    00000004                                   : exit.c.obj (.text:abort:abort)

.const     0    2000d520    00000614     
                  2000d520    00000101     rtsv7M4_T_le_v4SPD16_eabi.lib : ctype.c.obj (.const:.string:_ctypes_)
                  2000d621    00000003     --HOLE-- [fill = 0]
                  2000d624    00000100     driverlib.a : pin.obj (.const:g_ulPinToPadMap)
                  2000d724    000000d4                 : interrupt.obj (.const:g_pulRegs)
                  2000d7f8    000000a8                 : prcm.obj (.const:PRCM_PeriphRegsList)
                  2000d8a0    0000003c     simplelink.a : driver.obj (.const:OpcodeTranslateTable)
                  2000d8dc    00000038                  : driver.obj (.const:_SlActionLookupTable)
                  2000d914    00000030     main.obj (.const:.string)
                  2000d944    0000002c     main.obj (.const:$P$T1$2)
                  2000d970    00000024     driverlib.a : spi.obj (.const:g_ppulSPIIntMap)
                  2000d994    00000022     main.obj (.const:.string:$P$T0$1)
                  2000d9b6    00000002     --HOLE-- [fill = 0]
                  2000d9b8    00000020     simplelink.a : driver.obj (.const:RxMsgClassLUT)
                  2000d9d8    00000018     driverlib.a : interrupt.obj (.const:g_pulDisRegs)
                  2000d9f0    00000018                 : interrupt.obj (.const:g_pulEnRegs)
                  2000da08    00000018                 : interrupt.obj (.const:g_pulUnpendRegs)
                  2000da20    00000018                 : spi.obj (.const:g_ulSPIDmaMaskMap)
                  2000da38    00000015     main.obj (.const:.string:$P$T6$7)
                  2000da4d    00000003     --HOLE-- [fill = 0]
                  2000da50    00000014     simplelink.a : driver.obj (.const:$P$T0$1)
                  2000da64    00000014                  : nonos.obj (.const:$P$T0$1)
                  2000da78    00000014     main.obj (.const:$P$T2$3)
                  2000da8c    00000010     simplelink.a : socket.obj (.const:.string:_SlPayloadByProtocolLUT)
                  2000da9c    0000000c     main.obj (.const:$P$T4$5)
                  2000daa8    0000000c     main.obj (.const:.string:$P$T3$4)
                  2000dab4    00000009     main.obj (.const:.string:$P$T5$6)
                  2000dabd    00000008     simplelink.a : device.obj (.const:StartResponseLUT)
                  2000dac5    00000003     --HOLE-- [fill = 0]
                  2000dac8    00000008                  : driver.obj (.const:g_H2NCnysPattern)
                  2000dad0    00000008                  : driver.obj (.const:g_H2NSyncPattern)
                  2000dad8    00000005     main.obj (.const:.string:$P$T7$8)
                  2000dadd    00000001     --HOLE-- [fill = 0]
                  2000dade    00000004     simplelink.a : wlan.obj (.const:$P$T0$1)
                  2000dae2    00000004                  : socket.obj (.const:$P$T2$3)
                  2000dae6    00000004                  : device.obj (.const:_SlDeviceGetCmdCtrl)
                  2000daea    00000004                  : device.obj (.const:_SlDeviceSetCmdCtrl)
                  2000daee    00000004                  : netapp.obj (.const:_SlGetHostByNameCtrl)
                  2000daf2    00000004                  : netapp.obj (.const:_SlNetAppSendTokenValueCmdCtrl)
                  2000daf6    00000004                  : netcfg.obj (.const:_SlNetCfgSetCmdCtrl)
                  2000dafa    00000004                  : wlan.obj (.const:_SlPolicySetCmdCtrl)
                  2000dafe    00000004                  : wlan.obj (.const:_SlProfileDelCmdCtrl)
                  2000db02    00000004                  : socket.obj (.const:_SlRecvCmdCtrl)
                  2000db06    00000004                  : netapp.obj (.const:_SlRegisterServiceCtrl)
                  2000db0a    00000004                  : wlan.obj (.const:_SlRxFilterSetCmdCtrl)
                  2000db0e    00000004                  : socket.obj (.const:_SlSendCmdCtrl)
                  2000db12    00000004                  : socket.obj (.const:_SlSetSockOptCmdCtrl)
                  2000db16    00000004                  : socket.obj (.const:_SlSockCloseCmdCtrl)
                  2000db1a    00000004                  : socket.obj (.const:_SlSockSocketCmdCtrl)
                  2000db1e    00000004                  : device.obj (.const:_SlStopCmdCtrl)
                  2000db22    00000004                  : wlan.obj (.const:_SlWlanCfgSetCmdCtrl)
                  2000db26    00000004                  : wlan.obj (.const:_SlWlanSetModeCmdCtrl)
                  2000db2a    00000002     --HOLE-- [fill = 0]
                  2000db2c    00000004                  : driver.obj (.const:httpServer_callbacks)
                  2000db30    00000004                  : driver.obj (.const:netApp_callbacks)

.cinit     0    2000db38    00000048     
                  2000db38    00000020     (.cinit..data.load) [load image, compression = lzss]
                  2000db58    0000000c     (__TI_handler_table)
                  2000db64    00000004     --HOLE-- [fill = 0]
                  2000db68    00000008     (.cinit..bss.load) [load image, compression = zero_init]
                  2000db70    00000010     (__TI_cinit_table)

.sysmem    0    20017000    00008000     UNINITIALIZED
                  20017000    00000010     rtsv7M4_T_le_v4SPD16_eabi.lib : memory.c.obj (.sysmem)
                  20017010    00007ff0     --HOLE--

.bss       0    2001f000    0000021a     UNINITIALIZED
                  2001f000    00000168     simplelink.a : driver.obj (.bss:g_StatMem)
                  2001f168    00000050     (.common:g_ucDinDout)
                  2001f1b8    0000002c     (.common:g_time)
                  2001f1e4    00000024     (.common:g_ucConnectionSSID)
                  2001f208    00000008     (.common:g_ucConnectionBSSID)
                  2001f210    00000004     uart_if.obj (.bss)
                  2001f214    00000001     (.common:RxIrqCnt)
                  2001f215    00000001     (.common:g_bDeviceRestartIsRequired)
                  2001f216    00000001     (.common:g_cDummy)
                  2001f217    00000001     (.common:g_ucLED1Pin)
                  2001f218    00000001     (.common:g_ucLED2Pin)
                  2001f219    00000001     (.common:g_ucLED3Pin)

.data      0    2001f21c    000000a0     UNINITIALIZED
                  2001f21c    0000003c     simplelink.a : nonos.obj (.data:g__SlNonOsCB)
                  2001f258    00000014     gpio_if.obj (.data:ulReg)
                  2001f26c    00000010     main.obj (.data)
                  2001f27c    0000000d     simplelink.a : driver.obj (.data)
                  2001f289    00000003     --HOLE--
                  2001f28c    0000000c     gpio_if.obj (.data)
                  2001f298    00000009     simplelink.a : cc_pal.obj (.data)
                  2001f2a1    00000003     --HOLE--
                  2001f2a4    00000008     rtsv7M4_T_le_v4SPD16_eabi.lib : _lock.c.obj (.data:$O1$$)
                  2001f2ac    00000008                                   : memory.c.obj (.data:$O1$$)
                  2001f2b4    00000004                                   : errno.c.obj (.data)
                  2001f2b8    00000004     simplelink.a : driver.obj (.data:wlan_callbacks)

.stack     0    2002f000    00001000     UNINITIALIZED
                  2002f000    00000004     rtsv7M4_T_le_v4SPD16_eabi.lib : boot_cortex_m.c.obj (.stack)
                  2002f004    00000ffc     --HOLE--

__llvm_prf_cnts 
*          0    20017000    00000000     UNINITIALIZED

MODULE SUMMARY

       Module                       code    ro data   rw data
       ------                       ----    -------   -------
    .\
       main.obj                     4880    205       104    
       Adafruit_OLED.obj            1146    0         0      
       startup_ccs.obj              14      1024      0      
       gpio_if.obj                  920     0         35     
       uart_if.obj                  636     0         4      
       pin_mux_config.obj           292     0         0      
       network_common.obj           38      0         0      
    +--+----------------------------+-------+---------+---------+
       Total:                       7926    1229      143    
                                                             
    C:/ti/CC3200SDK_1.5.0/cc3200-sdk/driverlib/ccs/Release/driverlib.a
       prcm.obj                     852     168       0      
       spi.obj                      860     60        0      
       interrupt.obj                608     284       0      
       udma.obj                     604     0         0      
       pin.obj                      328     256       0      
       gpio.obj                     388     0         0      
       uart.obj                     284     0         0      
       timer.obj                    210     0         0      
       cpu.obj                      20      0         0      
       utils.obj                    6       0         0      
    +--+----------------------------+-------+---------+---------+
       Total:                       4160    768       0      
                                                             
    C:/ti/CC3200SDK_1.5.0/cc3200-sdk/simplelink/ccs/NON_OS/simplelink.a
       driver.obj                   7906    192       379    
       cc_pal.obj                   1820    0         90     
       socket.obj                   1830    40        0      
       netapp.obj                   1572    12        0      
       wlan.obj                     1316    24        0      
       device.obj                   1230    20        0      
       nonos.obj                    416     20        60     
       netcfg.obj                   152     4         0      
    +--+----------------------------+-------+---------+---------+
       Total:                       16242   312       529    
                                                             
    C:\ti\ccs1020\ccs\tools\compiler\ti-cgt-arm_20.2.2.LTS\lib\rtsv7M4_T_le_v4SPD16_eabi.lib
       _printfi.c.obj               4851    0         0      
       memory.c.obj                 900     0         8      
       fd_add_t2.asm.obj            438     0         0      
       fd_div_t2.asm.obj            310     0         0      
       s_scalbn.c.obj               272     0         0      
       fd_cmp_t2.asm.obj            268     0         0      
       ctype.c.obj                  0       257       0      
       fd_mul_t2.asm.obj            252     0         0      
       memcpy_t2.asm.obj            156     0         0      
       ull_div_t2.asm.obj           150     0         0      
       vsnprintf.c.obj              136     0         0      
       memset_t2.asm.obj            122     0         0      
       copy_decompress_lzss.c.obj   104     0         0      
       s_frexp.c.obj                100     0         0      
       sprintf.c.obj                98      0         0      
       _ltoa.c.obj                  84      0         0      
       atoi.c.obj                   76      0         0      
       fd_toi_t2.asm.obj            72      0         0      
       autoinit.c.obj               68      0         0      
       boot_cortex_m.c.obj          52      0         0      
       i_tofd_t2.asm.obj            46      0         0      
       memmov.c.obj                 40      0         0      
       copy_zero_init.c.obj         28      0         0      
       memccpy.c.obj                28      0         0      
       s_copysign.c.obj             26      0         0      
       strchr.c.obj                 22      0         0      
       strcpy.c.obj                 20      0         0      
       strlen.c.obj                 20      0         0      
       wcslen.c.obj                 18      0         0      
       copy_decompress_none.c.obj   14      0         0      
       errno.c.obj                  8       0         4      
       _lock.c.obj                  2       0         8      
       exit.c.obj                   4       0         0      
       pre_init.c.obj               4       0         0      
       div0.asm.obj                 2       0         0      
    +--+----------------------------+-------+---------+---------+
       Total:                       8791    257       20     
                                                             
       Heap:                        0       0         32768  
       Stack:                       0       0         4096   
       Linker Generated:            0       68        0      
    +--+----------------------------+-------+---------+---------+
       Grand Total:                 37119   2634      37556  


LINKER GENERATED COPY TABLES

__TI_cinit_table @ 2000db70 records: 2, size/record: 8, table size: 16
	.data: load addr=2000db38, load size=00000020 bytes, run addr=2001f21c, run size=000000a0 bytes, compression=lzss
	.bss: load addr=2000db68, load size=00000008 bytes, run addr=2001f000, run size=0000021a bytes, compression=zero_init


LINKER GENERATED HANDLER TABLE

__TI_handler_table @ 2000db58 records: 3, size/record: 4, table size: 12
	index: 0, handler: __TI_decompress_lzss
	index: 1, handler: __TI_decompress_none
	index: 2, handler: __TI_zero_init


GLOBAL SYMBOLS: SORTED ALPHABETICALLY BY Name 

address   name                                  
-------   ----                                  
20006751  Adafruit_Init                         
2000d51b  C$$EXIT                               
2000d425  CPUcpsie                              
200071c5  ClearTerm                             
200068c7  Color565                              
2000cee9  DmaSpiSwIntHandler                    
200071cf  Error                                 
2000cb15  GPIODirModeSet                        
2000d439  GPIOIntClear                          
2000d1f1  GPIOIntEnable                         
2000d079  GPIOIntRegister                       
2000b641  GPIOIntTypeSet                        
2000d2db  GPIOPinRead                           
2000cf99  GPIOPinWrite                          
20006e2d  GPIO_IF_ConfigureNIntEnable           
20006eb9  GPIO_IF_Get                           
20006de7  GPIO_IF_GetPortNPin                   
20006ba9  GPIO_IF_LedConfigure                  
20006c9b  GPIO_IF_LedOff                        
20006be7  GPIO_IF_LedOn                         
20006d4f  GPIO_IF_LedStatus                     
20006db9  GPIO_IF_LedToggle                     
20006e75  GPIO_IF_Set                           
20007207  GetCmd                                
20007185  InitTerm                              
2000a72d  IntDisable                            
2000a7d5  IntEnable                             
2000d4ed  IntMasterEnable                       
2000bfbd  IntPendClear                          
2000c0c5  IntPrioritySet                        
2000cfb9  IntRegister                           
2000cf0d  IntUnregister                         
2000d44d  IntVTableBaseSet                      
200071a3  Message                               
2000d4d5  NwpMaskInterrupt                      
2000caa5  NwpPowerOff                           
2000cca9  NwpPowerOn                            
2000cfd9  NwpPrePowerOffTimout0                 
2000c8fd  NwpRegisterInterruptHandler           
2000d4e1  NwpUnMaskInterrupt                    
2000d8a0  OpcodeTranslateTable                  
20008661  PRCMCC3200MCUInit                     
2000d3cd  PRCMHIBRegRead                        
2000d3e3  PRCMHIBRegWrite                       
2000cdad  PRCMPeripheralClkDisable              
2000c9b5  PRCMPeripheralClkEnable               
2000af29  PRCMPeripheralClockGet                
2000c015  PRCMPeripheralReset                   
2000cb4d  PRCMPeripheralStatusGet               
2000ccd5  PRCMSysResetCauseGet                  
2000b429  PinConfigSet                          
2000c77d  PinModeSet                            
20009465  PinMuxConfig                          
2000cbe9  PinTypeGPIO                           
2000d10f  PinTypeI2C                            
2000d20b  PinTypeSPI                            
2000d225  PinTypeUART                           
20007345  Report                                
2000d4c7  ResetISR                              
2001f214  RxIrqCnt                              
2000d2f3  SPICSDisable                          
2000d30b  SPICSEnable                           
2000a921  SPIConfigSetExpClk                    
2000cff9  SPIDataGet                            
2000d097  SPIDataPut                            
2000d323  SPIDisable                            
2000d23f  SPIDmaDisable                         
2000d259  SPIDmaEnable                          
2000d33b  SPIEnable                             
2000d273  SPIFIFODisable                        
2000d28d  SPIFIFOEnable                         
2000cb81  SPIFIFOLevelSet                       
2000c4c9  SPIIntClear                           
2000c2b9  SPIIntEnable                          
2000d2a7  SPIIntUnregister                      
2000cf55  SPIReset                              
2000cf77  SPIWordCountSet                       
200045d5  SimpleLinkGeneralEventHandler         
200045b1  SimpleLinkHttpServerCallback          
2000450f  SimpleLinkNetAppEventHandler          
200045f5  SimpleLinkSockEventHandler            
20004401  SimpleLinkWlanEventHandler            
2000c5e5  TimerConfigure                        
2000d0b5  TimerEnable                           
2000d019  TimerGetCurrentTimestamp              
2000cd59  TimerLoadSet                          
2000cd83  TimerPrescaleSet                      
2000d12b  TimerValueGet                         
200072ad  TrimSpace                             
2000d147  UARTCharGetNonBlocking                
2000d0d3  UARTCharPut                           
2000d353  UARTCharsAvail                        
2000b939  UARTConfigSetExpClk                   
2000cc19  UARTDisable                           
2000cf31  UARTEnable                            
2000d511  UtilsDelay                            
2000d8dc  _SlActionLookupTable                  
2000a87d  _SlDriverHandleError                  
2000c511  _SlDrvBasicCmd                        
2000a509  _SlDrvCmdOp                           
2000bb05  _SlDrvCmdSend                         
200078b9  _SlDrvDataReadOp                      
20008949  _SlDrvDataWriteOp                     
2000aafd  _SlDrvDeviceEventHandler              
2000d49b  _SlDrvDispatchHttpServerEvents        
20009211  _SlDrvDriverCBDeinit                  
20007ff5  _SlDrvDriverCBInit                    
2000cdd5  _SlDrvGlobalObjUnLock                 
2000c629  _SlDrvHandleHttpServerEvents          
2000c7bd  _SlDrvHandleNetAppEvents              
2000c7fd  _SlDrvHandleWlanEvents                
2000b285  _SlDrvIsTimeoutExpired                
2000d3f9  _SlDrvMemZero                         
20009e3d  _SlDrvMsgReadSpawnCtx                 
20009699  _SlDrvNetAppEventHandler              
2000ce9d  _SlDrvObjLockWaitForever              
2000d039  _SlDrvObjUnLock                       
2000c351  _SlDrvProtectAsyncRespSetting         
2000cd2d  _SlDrvProtectionObjLockWaitForever    
2000cdfd  _SlDrvProtectionObjUnLock             
20007a9d  _SlDrvReleasePoolObj                  
2000d4ab  _SlDrvResetCmdExt                     
2000c119  _SlDrvRxIrqHandler                    
2000d163  _SlDrvStartMeasureTimeout             
2000d059  _SlDrvSyncObjSignal                   
2000ce25  _SlDrvSyncObjWaitForever              
2000c66d  _SlDrvSyncObjWaitTimeout              
20008345  _SlDrvWaitForPoolObj                  
2000daf2  _SlNetAppSendTokenValueCmdCtrl        
2000b9b1  _SlNonOsMainLoopTask                  
2000a67d  _SlNonOsSemGet                        
2000d36b  _SlNonOsSemSet                        
2000bc45  _SlNonOsSpawn                         
20030000  __STACK_END                           
00001000  __STACK_SIZE                          
00008000  __SYSMEM_SIZE                         
2000db70  __TI_CINIT_Base                       
2000db80  __TI_CINIT_Limit                      
2000db58  __TI_Handler_Table_Base               
2000db64  __TI_Handler_Table_Limit              
2000c6b1  __TI_auto_init_nobinit_nopinit        
2000bbdd  __TI_decompress_lzss                  
2000d4b9  __TI_decompress_none                  
2000c16d  __TI_ltoa                             
ffffffff  __TI_pprof_out_hndl                   
20005711  __TI_printfi                          
ffffffff  __TI_prof_data_size                   
ffffffff  __TI_prof_data_start                  
2000db38  __TI_static_base__                    
2000d17f  __TI_zero_init_nomemset               
2000b4b1  __aeabi_cdcmpeq                       
2000b4b1  __aeabi_cdcmple                       
2000b537  __aeabi_cdrcmple                      
2000c559  __aeabi_d2iz                          
20007e47  __aeabi_dadd                          
20008fa5  __aeabi_ddiv                          
2000989d  __aeabi_dmul                          
20007e3d  __aeabi_dsub                          
2000d501  __aeabi_errno_addr                    
2000cc79  __aeabi_i2d                           
20007ff3  __aeabi_idiv0                         
20007ff3  __aeabi_ldiv0                         
2000b845  __aeabi_memclr                        
2000b845  __aeabi_memclr4                       
2000b845  __aeabi_memclr8                       
2000aa61  __aeabi_memcpy                        
2000aa61  __aeabi_memcpy4                       
2000aa61  __aeabi_memcpy8                       
2000b847  __aeabi_memset                        
2000b847  __aeabi_memset4                       
2000b847  __aeabi_memset8                       
2000ae91  __aeabi_uldivmod                      
ffffffff  __binit__                             
ffffffff  __c_args__                            
UNDEFED   __mpu_init                            
2002f000  __stack                               
20017000  __start___llvm_prf_cnts               
20017000  __stop___llvm_prf_cnts                
2000cbb5  _c_int00_noargs                       
2000d520  _ctypes_                              
2001f2a4  _lock                                 
20006b6b  _nop                                  
2000bca9  _sl_HandleAsync_Accept                
2000b6c5  _sl_HandleAsync_Connect               
2000afbd  _sl_HandleAsync_DnsGetHostByName      
2000a2ad  _sl_HandleAsync_DnsGetHostByService   
2000b311  _sl_HandleAsync_InitComplete          
2000b04d  _sl_HandleAsync_PingResponse          
2000c1c1  _sl_HandleAsync_Select                
2000c269  _sl_HandleAsync_Stop                  
2000bb71  _sl_NetAppSendTokenValue              
20017000  _sys_memory                           
UNDEFED   _system_post_cinit                    
2000d517  _system_pre_init                      
2001f2a8  _unlock                               
2000d51b  abort                                 
2000979d  aligned_alloc                         
2000c3e9  atoi                                  
ffffffff  binit                                 
2000d2c1  copysign                              
2000d2c1  copysignl                             
20006a75  drawFastHLine                         
200069d5  drawFastVLine                         
20006b11  drawPixel                             
2001f2b4  errno                                 
2000691f  fillRect                              
20006909  fillScreen                            
20009f25  free                                  
2000bd0d  frexp                                 
2000bd0d  frexpl                                
2001f278  g_Host                                
2001f27c  g_SlDeviceStatus                      
2001f298  g_SpiFd                               
2001f21c  g__SlNonOsCB                          
2001f215  g_bDeviceRestartIsRequired            
2001f216  g_cDummy                              
2001f280  g_pCB                                 
2001f29c  g_pHostIntHdl                         
20004000  g_pfnVectors                          
2001f1b8  g_time                                
2001f208  g_ucConnectionBSSID                   
2001f1e4  g_ucConnectionSSID                    
2001f2a0  g_ucDMAEnabled                        
2001f168  g_ucDinDout                           
2001f217  g_ucLED1Pin                           
2001f218  g_ucLED2Pin                           
2001f219  g_ucLED3Pin                           
2001f28c  g_uiLED1Port                          
2001f290  g_uiLED2Port                          
2001f294  g_uiLED3Port                          
2001f274  g_ulGatewayIP                         
2001f270  g_ulPingPacketsRecv                   
2001f26c  g_ulStatus                            
20006883  goTo                                  
20006b4f  invert                                
20009589  ldexp                                 
20009589  ldexpl                                
200050fd  main                                  
2000d509  malloc                                
2000979d  memalign                              
2000d1b9  memccpy                               
2000aa61  memcpy                                
2000ce75  memmove                               
2000b84d  memset                                
2001f284  pPingCallBackFunc                     
20004fed  printErrConvenience                   
2000a009  realloc                               
20009589  scalbn                                
20009589  scalbnl                               
2000c9f1  simplelink_timerA2_start              
2000be9d  sl_Close                              
200084d5  sl_Connect                            
2000a379  sl_DevGet                             
2000ab99  sl_DevSet                             
2000c739  sl_Htonl                              
2000ca2d  sl_Htons                              
20008d25  sl_NetAppDnsGetHostByName             
2000a0ed  sl_NetAppMDNSRegisterUnregisterService
2000bd71  sl_NetAppMDNSUnRegisterService        
2000ac31  sl_NetCfgSet                          
2000cec3  sl_Provisioning_HttpServerEventHdl    
2000ced1  sl_Provisioning_NetAppEventHdl        
2000cedd  sl_Provisioning_WlanEventHdl          
2000a9c1  sl_Recv                               
200090dd  sl_Send                               
2000acc9  sl_SetSockOpt                         
2000b39d  sl_Socket                             
20009c69  sl_Start                              
20009999  sl_Stop                               
20006f05  sl_WlanConnect                        
2000cadd  sl_WlanDisconnect                     
2000b0dd  sl_WlanPolicySet                      
2000befd  sl_WlanProfileDel                     
2000b5bd  sl_WlanRxFilterSet                    
2000ad61  sl_WlanSet                            
2000bf5d  sl_WlanSetMode                        
2000b8c1  spi_Close                             
20008a99  spi_Open                              
20009a89  spi_Read                              
2000adf9  spi_Write                             
2000c87d  sprintf                               
2000d40f  strchr                                
2000d461  strcpy                                
2000d475  strlen                                
2000c435  uDMAChannelAssign                     
2000bdd5  uDMAChannelAttributeDisable           
2000be39  uDMAChannelAttributeEnable            
2000ca69  uDMAChannelControlSet                 
2000d1d5  uDMAChannelEnable                     
20009b79  uDMAChannelTransferSet                
2000c8bd  vsnprintf                             
2000d489  wcslen                                
200066f1  writeCommand                          
20006721  writeData                             


GLOBAL SYMBOLS: SORTED BY Symbol Address 

address   name                                  
-------   ----                                  
00001000  __STACK_SIZE                          
00008000  __SYSMEM_SIZE                         
20004000  g_pfnVectors                          
20004401  SimpleLinkWlanEventHandler            
2000450f  SimpleLinkNetAppEventHandler          
200045b1  SimpleLinkHttpServerCallback          
200045d5  SimpleLinkGeneralEventHandler         
200045f5  SimpleLinkSockEventHandler            
20004fed  printErrConvenience                   
200050fd  main                                  
20005711  __TI_printfi                          
200066f1  writeCommand                          
20006721  writeData                             
20006751  Adafruit_Init                         
20006883  goTo                                  
200068c7  Color565                              
20006909  fillScreen                            
2000691f  fillRect                              
200069d5  drawFastVLine                         
20006a75  drawFastHLine                         
20006b11  drawPixel                             
20006b4f  invert                                
20006b6b  _nop                                  
20006ba9  GPIO_IF_LedConfigure                  
20006be7  GPIO_IF_LedOn                         
20006c9b  GPIO_IF_LedOff                        
20006d4f  GPIO_IF_LedStatus                     
20006db9  GPIO_IF_LedToggle                     
20006de7  GPIO_IF_GetPortNPin                   
20006e2d  GPIO_IF_ConfigureNIntEnable           
20006e75  GPIO_IF_Set                           
20006eb9  GPIO_IF_Get                           
20006f05  sl_WlanConnect                        
20007185  InitTerm                              
200071a3  Message                               
200071c5  ClearTerm                             
200071cf  Error                                 
20007207  GetCmd                                
200072ad  TrimSpace                             
20007345  Report                                
200078b9  _SlDrvDataReadOp                      
20007a9d  _SlDrvReleasePoolObj                  
20007e3d  __aeabi_dsub                          
20007e47  __aeabi_dadd                          
20007ff3  __aeabi_idiv0                         
20007ff3  __aeabi_ldiv0                         
20007ff5  _SlDrvDriverCBInit                    
20008345  _SlDrvWaitForPoolObj                  
200084d5  sl_Connect                            
20008661  PRCMCC3200MCUInit                     
20008949  _SlDrvDataWriteOp                     
20008a99  spi_Open                              
20008d25  sl_NetAppDnsGetHostByName             
20008fa5  __aeabi_ddiv                          
200090dd  sl_Send                               
20009211  _SlDrvDriverCBDeinit                  
20009465  PinMuxConfig                          
20009589  ldexp                                 
20009589  ldexpl                                
20009589  scalbn                                
20009589  scalbnl                               
20009699  _SlDrvNetAppEventHandler              
2000979d  aligned_alloc                         
2000979d  memalign                              
2000989d  __aeabi_dmul                          
20009999  sl_Stop                               
20009a89  spi_Read                              
20009b79  uDMAChannelTransferSet                
20009c69  sl_Start                              
20009e3d  _SlDrvMsgReadSpawnCtx                 
20009f25  free                                  
2000a009  realloc                               
2000a0ed  sl_NetAppMDNSRegisterUnregisterService
2000a2ad  _sl_HandleAsync_DnsGetHostByService   
2000a379  sl_DevGet                             
2000a509  _SlDrvCmdOp                           
2000a67d  _SlNonOsSemGet                        
2000a72d  IntDisable                            
2000a7d5  IntEnable                             
2000a87d  _SlDriverHandleError                  
2000a921  SPIConfigSetExpClk                    
2000a9c1  sl_Recv                               
2000aa61  __aeabi_memcpy                        
2000aa61  __aeabi_memcpy4                       
2000aa61  __aeabi_memcpy8                       
2000aa61  memcpy                                
2000aafd  _SlDrvDeviceEventHandler              
2000ab99  sl_DevSet                             
2000ac31  sl_NetCfgSet                          
2000acc9  sl_SetSockOpt                         
2000ad61  sl_WlanSet                            
2000adf9  spi_Write                             
2000ae91  __aeabi_uldivmod                      
2000af29  PRCMPeripheralClockGet                
2000afbd  _sl_HandleAsync_DnsGetHostByName      
2000b04d  _sl_HandleAsync_PingResponse          
2000b0dd  sl_WlanPolicySet                      
2000b285  _SlDrvIsTimeoutExpired                
2000b311  _sl_HandleAsync_InitComplete          
2000b39d  sl_Socket                             
2000b429  PinConfigSet                          
2000b4b1  __aeabi_cdcmpeq                       
2000b4b1  __aeabi_cdcmple                       
2000b537  __aeabi_cdrcmple                      
2000b5bd  sl_WlanRxFilterSet                    
2000b641  GPIOIntTypeSet                        
2000b6c5  _sl_HandleAsync_Connect               
2000b845  __aeabi_memclr                        
2000b845  __aeabi_memclr4                       
2000b845  __aeabi_memclr8                       
2000b847  __aeabi_memset                        
2000b847  __aeabi_memset4                       
2000b847  __aeabi_memset8                       
2000b84d  memset                                
2000b8c1  spi_Close                             
2000b939  UARTConfigSetExpClk                   
2000b9b1  _SlNonOsMainLoopTask                  
2000bb05  _SlDrvCmdSend                         
2000bb71  _sl_NetAppSendTokenValue              
2000bbdd  __TI_decompress_lzss                  
2000bc45  _SlNonOsSpawn                         
2000bca9  _sl_HandleAsync_Accept                
2000bd0d  frexp                                 
2000bd0d  frexpl                                
2000bd71  sl_NetAppMDNSUnRegisterService        
2000bdd5  uDMAChannelAttributeDisable           
2000be39  uDMAChannelAttributeEnable            
2000be9d  sl_Close                              
2000befd  sl_WlanProfileDel                     
2000bf5d  sl_WlanSetMode                        
2000bfbd  IntPendClear                          
2000c015  PRCMPeripheralReset                   
2000c0c5  IntPrioritySet                        
2000c119  _SlDrvRxIrqHandler                    
2000c16d  __TI_ltoa                             
2000c1c1  _sl_HandleAsync_Select                
2000c269  _sl_HandleAsync_Stop                  
2000c2b9  SPIIntEnable                          
2000c351  _SlDrvProtectAsyncRespSetting         
2000c3e9  atoi                                  
2000c435  uDMAChannelAssign                     
2000c4c9  SPIIntClear                           
2000c511  _SlDrvBasicCmd                        
2000c559  __aeabi_d2iz                          
2000c5e5  TimerConfigure                        
2000c629  _SlDrvHandleHttpServerEvents          
2000c66d  _SlDrvSyncObjWaitTimeout              
2000c6b1  __TI_auto_init_nobinit_nopinit        
2000c739  sl_Htonl                              
2000c77d  PinModeSet                            
2000c7bd  _SlDrvHandleNetAppEvents              
2000c7fd  _SlDrvHandleWlanEvents                
2000c87d  sprintf                               
2000c8bd  vsnprintf                             
2000c8fd  NwpRegisterInterruptHandler           
2000c9b5  PRCMPeripheralClkEnable               
2000c9f1  simplelink_timerA2_start              
2000ca2d  sl_Htons                              
2000ca69  uDMAChannelControlSet                 
2000caa5  NwpPowerOff                           
2000cadd  sl_WlanDisconnect                     
2000cb15  GPIODirModeSet                        
2000cb4d  PRCMPeripheralStatusGet               
2000cb81  SPIFIFOLevelSet                       
2000cbb5  _c_int00_noargs                       
2000cbe9  PinTypeGPIO                           
2000cc19  UARTDisable                           
2000cc79  __aeabi_i2d                           
2000cca9  NwpPowerOn                            
2000ccd5  PRCMSysResetCauseGet                  
2000cd2d  _SlDrvProtectionObjLockWaitForever    
2000cd59  TimerLoadSet                          
2000cd83  TimerPrescaleSet                      
2000cdad  PRCMPeripheralClkDisable              
2000cdd5  _SlDrvGlobalObjUnLock                 
2000cdfd  _SlDrvProtectionObjUnLock             
2000ce25  _SlDrvSyncObjWaitForever              
2000ce75  memmove                               
2000ce9d  _SlDrvObjLockWaitForever              
2000cec3  sl_Provisioning_HttpServerEventHdl    
2000ced1  sl_Provisioning_NetAppEventHdl        
2000cedd  sl_Provisioning_WlanEventHdl          
2000cee9  DmaSpiSwIntHandler                    
2000cf0d  IntUnregister                         
2000cf31  UARTEnable                            
2000cf55  SPIReset                              
2000cf77  SPIWordCountSet                       
2000cf99  GPIOPinWrite                          
2000cfb9  IntRegister                           
2000cfd9  NwpPrePowerOffTimout0                 
2000cff9  SPIDataGet                            
2000d019  TimerGetCurrentTimestamp              
2000d039  _SlDrvObjUnLock                       
2000d059  _SlDrvSyncObjSignal                   
2000d079  GPIOIntRegister                       
2000d097  SPIDataPut                            
2000d0b5  TimerEnable                           
2000d0d3  UARTCharPut                           
2000d10f  PinTypeI2C                            
2000d12b  TimerValueGet                         
2000d147  UARTCharGetNonBlocking                
2000d163  _SlDrvStartMeasureTimeout             
2000d17f  __TI_zero_init_nomemset               
2000d1b9  memccpy                               
2000d1d5  uDMAChannelEnable                     
2000d1f1  GPIOIntEnable                         
2000d20b  PinTypeSPI                            
2000d225  PinTypeUART                           
2000d23f  SPIDmaDisable                         
2000d259  SPIDmaEnable                          
2000d273  SPIFIFODisable                        
2000d28d  SPIFIFOEnable                         
2000d2a7  SPIIntUnregister                      
2000d2c1  copysign                              
2000d2c1  copysignl                             
2000d2db  GPIOPinRead                           
2000d2f3  SPICSDisable                          
2000d30b  SPICSEnable                           
2000d323  SPIDisable                            
2000d33b  SPIEnable                             
2000d353  UARTCharsAvail                        
2000d36b  _SlNonOsSemSet                        
2000d3cd  PRCMHIBRegRead                        
2000d3e3  PRCMHIBRegWrite                       
2000d3f9  _SlDrvMemZero                         
2000d40f  strchr                                
2000d425  CPUcpsie                              
2000d439  GPIOIntClear                          
2000d44d  IntVTableBaseSet                      
2000d461  strcpy                                
2000d475  strlen                                
2000d489  wcslen                                
2000d49b  _SlDrvDispatchHttpServerEvents        
2000d4ab  _SlDrvResetCmdExt                     
2000d4b9  __TI_decompress_none                  
2000d4c7  ResetISR                              
2000d4d5  NwpMaskInterrupt                      
2000d4e1  NwpUnMaskInterrupt                    
2000d4ed  IntMasterEnable                       
2000d501  __aeabi_errno_addr                    
2000d509  malloc                                
2000d511  UtilsDelay                            
2000d517  _system_pre_init                      
2000d51b  C$$EXIT                               
2000d51b  abort                                 
2000d520  _ctypes_                              
2000d8a0  OpcodeTranslateTable                  
2000d8dc  _SlActionLookupTable                  
2000daf2  _SlNetAppSendTokenValueCmdCtrl        
2000db38  __TI_static_base__                    
2000db58  __TI_Handler_Table_Base               
2000db64  __TI_Handler_Table_Limit              
2000db70  __TI_CINIT_Base                       
2000db80  __TI_CINIT_Limit                      
20017000  __start___llvm_prf_cnts               
20017000  __stop___llvm_prf_cnts                
20017000  _sys_memory                           
2001f168  g_ucDinDout                           
2001f1b8  g_time                                
2001f1e4  g_ucConnectionSSID                    
2001f208  g_ucConnectionBSSID                   
2001f214  RxIrqCnt                              
2001f215  g_bDeviceRestartIsRequired            
2001f216  g_cDummy                              
2001f217  g_ucLED1Pin                           
2001f218  g_ucLED2Pin                           
2001f219  g_ucLED3Pin                           
2001f21c  g__SlNonOsCB                          
2001f26c  g_ulStatus                            
2001f270  g_ulPingPacketsRecv                   
2001f274  g_ulGatewayIP                         
2001f278  g_Host                                
2001f27c  g_SlDeviceStatus                      
2001f280  g_pCB                                 
2001f284  pPingCallBackFunc                     
2001f28c  g_uiLED1Port                          
2001f290  g_uiLED2Port                          
2001f294  g_uiLED3Port                          
2001f298  g_SpiFd                               
2001f29c  g_pHostIntHdl                         
2001f2a0  g_ucDMAEnabled                        
2001f2a4  _lock                                 
2001f2a8  _unlock                               
2001f2b4  errno                                 
2002f000  __stack                               
20030000  __STACK_END                           
ffffffff  __TI_pprof_out_hndl                   
ffffffff  __TI_prof_data_size                   
ffffffff  __TI_prof_data_start                  
ffffffff  __binit__                             
ffffffff  __c_args__                            
ffffffff  binit                                 
UNDEFED   __mpu_init                            
UNDEFED   _system_post_cinit                    

[294 symbols]
